Component: ARM Compiler 5.06 update 7 (build 960) Tool: armlink [4d3601]

==============================================================================

Section Cross References

    startup_stm32f407xx.o(STACK) refers (Special) to heapauxi.o(.text) for __use_two_region_memory
    startup_stm32f407xx.o(HEAP) refers (Special) to heapauxi.o(.text) for __use_two_region_memory
    startup_stm32f407xx.o(RESET) refers (Special) to heapauxi.o(.text) for __use_two_region_memory
    startup_stm32f407xx.o(RESET) refers to startup_stm32f407xx.o(STACK) for __initial_sp
    startup_stm32f407xx.o(RESET) refers to startup_stm32f407xx.o(.text) for Reset_Handler
    startup_stm32f407xx.o(RESET) refers to stm32f4xx_it.o(i.NMI_Handler) for NMI_Handler
    startup_stm32f407xx.o(RESET) refers to stm32f4xx_it.o(i.HardFault_Handler) for HardFault_Handler
    startup_stm32f407xx.o(RESET) refers to stm32f4xx_it.o(i.MemManage_Handler) for MemManage_Handler
    startup_stm32f407xx.o(RESET) refers to stm32f4xx_it.o(i.BusFault_Handler) for BusFault_Handler
    startup_stm32f407xx.o(RESET) refers to stm32f4xx_it.o(i.UsageFault_Handler) for UsageFault_Handler
    startup_stm32f407xx.o(RESET) refers to stm32f4xx_it.o(i.SVC_Handler) for SVC_Handler
    startup_stm32f407xx.o(RESET) refers to stm32f4xx_it.o(i.DebugMon_Handler) for DebugMon_Handler
    startup_stm32f407xx.o(RESET) refers to stm32f4xx_it.o(i.PendSV_Handler) for PendSV_Handler
    startup_stm32f407xx.o(RESET) refers to stm32f4xx_it.o(i.SysTick_Handler) for SysTick_Handler
    startup_stm32f407xx.o(.text) refers (Special) to heapauxi.o(.text) for __use_two_region_memory
    startup_stm32f407xx.o(.text) refers to system_stm32f4xx.o(i.SystemInit) for SystemInit
    startup_stm32f407xx.o(.text) refers to __main.o(!!!main) for __main
    startup_stm32f407xx.o(.text) refers to startup_stm32f407xx.o(HEAP) for Heap_Mem
    startup_stm32f407xx.o(.text) refers to startup_stm32f407xx.o(STACK) for Stack_Mem
    my_nrf24.o(i.NRF24_ACTIVATE_cmd) refers to my_nrf24.o(i.NRF24_csn) for NRF24_csn
    my_nrf24.o(i.NRF24_ACTIVATE_cmd) refers to stm32f4xx_hal_spi.o(i.HAL_SPI_Transmit) for HAL_SPI_Transmit
    my_nrf24.o(i.NRF24_ACTIVATE_cmd) refers to my_nrf24.o(.bss) for .bss
    my_nrf24.o(i.NRF24_DelayMicroSeconds) refers to system_stm32f4xx.o(.data) for SystemCoreClock
    my_nrf24.o(i.NRF24_GetAckPayloadSize) refers to my_nrf24.o(.data) for .data
    my_nrf24.o(i.NRF24_available) refers to my_nrf24.o(i.NRF24_availablePipe) for NRF24_availablePipe
    my_nrf24.o(i.NRF24_availablePipe) refers to my_nrf24.o(i.NRF24_get_status) for NRF24_get_status
    my_nrf24.o(i.NRF24_availablePipe) refers to my_nrf24.o(i.NRF24_write_register) for NRF24_write_register
    my_nrf24.o(i.NRF24_begin) refers to rt_memcpy_w.o(.text) for __aeabi_memcpy4
    my_nrf24.o(i.NRF24_begin) refers to my_nrf24.o(i.NRF24_csn) for NRF24_csn
    my_nrf24.o(i.NRF24_begin) refers to my_nrf24.o(i.NRF24_ce) for NRF24_ce
    my_nrf24.o(i.NRF24_begin) refers to stm32f4xx_hal.o(i.HAL_Delay) for HAL_Delay
    my_nrf24.o(i.NRF24_begin) refers to my_nrf24.o(i.NRF24_write_register) for NRF24_write_register
    my_nrf24.o(i.NRF24_begin) refers to my_nrf24.o(i.NRF24_write_registerN) for NRF24_write_registerN
    my_nrf24.o(i.NRF24_begin) refers to my_nrf24.o(i.NRF24_ACTIVATE_cmd) for NRF24_ACTIVATE_cmd
    my_nrf24.o(i.NRF24_begin) refers to my_nrf24.o(i.printRadioSettings) for printRadioSettings
    my_nrf24.o(i.NRF24_begin) refers to my_nrf24.o(i.NRF24_setRetries) for NRF24_setRetries
    my_nrf24.o(i.NRF24_begin) refers to my_nrf24.o(i.NRF24_setPALevel) for NRF24_setPALevel
    my_nrf24.o(i.NRF24_begin) refers to my_nrf24.o(i.NRF24_setDataRate) for NRF24_setDataRate
    my_nrf24.o(i.NRF24_begin) refers to my_nrf24.o(i.NRF24_setCRCLength) for NRF24_setCRCLength
    my_nrf24.o(i.NRF24_begin) refers to my_nrf24.o(i.NRF24_disableDynamicPayloads) for NRF24_disableDynamicPayloads
    my_nrf24.o(i.NRF24_begin) refers to my_nrf24.o(i.NRF24_setPayloadSize) for NRF24_setPayloadSize
    my_nrf24.o(i.NRF24_begin) refers to my_nrf24.o(i.NRF24_resetStatus) for NRF24_resetStatus
    my_nrf24.o(i.NRF24_begin) refers to my_nrf24.o(i.NRF24_setChannel) for NRF24_setChannel
    my_nrf24.o(i.NRF24_begin) refers to my_nrf24.o(i.NRF24_flush_tx) for NRF24_flush_tx
    my_nrf24.o(i.NRF24_begin) refers to my_nrf24.o(i.NRF24_flush_rx) for NRF24_flush_rx
    my_nrf24.o(i.NRF24_begin) refers to my_nrf24.o(i.NRF24_powerDown) for NRF24_powerDown
    my_nrf24.o(i.NRF24_begin) refers to my_nrf24.o(.bss) for .bss
    my_nrf24.o(i.NRF24_begin) refers to my_nrf24.o(.data) for .data
    my_nrf24.o(i.NRF24_ce) refers to stm32f4xx_hal_gpio.o(i.HAL_GPIO_WritePin) for HAL_GPIO_WritePin
    my_nrf24.o(i.NRF24_ce) refers to my_nrf24.o(.data) for .data
    my_nrf24.o(i.NRF24_csn) refers to stm32f4xx_hal_gpio.o(i.HAL_GPIO_WritePin) for HAL_GPIO_WritePin
    my_nrf24.o(i.NRF24_csn) refers to my_nrf24.o(.data) for .data
[...]
    Removing stm32f4xx_hal_uart.o(i.UART_DMARxOnlyAbortCallback), (22 bytes).
    Removing stm32f4xx_hal_uart.o(i.UART_DMATransmitCplt), (66 bytes).
    Removing stm32f4xx_hal_uart.o(i.UART_DMATxAbortCallback), (44 bytes).
    Removing stm32f4xx_hal_uart.o(i.UART_DMATxHalfCplt), (10 bytes).
    Removing stm32f4xx_hal_uart.o(i.UART_DMATxOnlyAbortCallback), (20 bytes).
    Removing stm32f4xx_hal_uart.o(i.UART_EndRxTransfer), (78 bytes).
    Removing stm32f4xx_hal_uart.o(i.UART_EndTxTransfer), (28 bytes).
    Removing stm32f4xx_hal_uart.o(i.UART_Receive_IT), (192 bytes).
    Removing stm32f4xx_hal_uart.o(i.UART_Start_Receive_DMA), (144 bytes).
    Removing stm32f4xx_hal_uart.o(i.UART_Start_Receive_IT), (54 bytes).
    Removing system_stm32f4xx.o(.rev16_text), (4 bytes).
    Removing system_stm32f4xx.o(.revsh_text), (4 bytes).
    Removing system_stm32f4xx.o(.rrx_text), (6 bytes).
    Removing system_stm32f4xx.o(i.SystemCoreClockUpdate), (120 bytes).

329 unused section(s) (total 19804 bytes) removed from the image.

==============================================================================

Image Symbol Table

    Local Symbols

    Symbol Name                              Value     Ov Type        Size  Object(Section)

    ../Core/Src/main.c                       0x00000000   Number         0  main.o ABSOLUTE
    ../Core/Src/stm32f4xx_hal_msp.c          0x00000000   Number         0  stm32f4xx_hal_msp.o ABSOLUTE
    ../Core/Src/stm32f4xx_it.c               0x00000000   Number         0  stm32f4xx_it.o ABSOLUTE
    ../Core/Src/system_stm32f4xx.c           0x00000000   Number         0  system_stm32f4xx.o ABSOLUTE
    ../Drivers/STM32F4xx_HAL_Driver/Src/stm32f4xx_hal.c 0x00000000   Number         0  stm32f4xx_hal.o ABSOLUTE
    ../Drivers/STM32F4xx_HAL_Driver/Src/stm32f4xx_hal_cortex.c 0x00000000   Number         0  stm32f4xx_hal_cortex.o ABSOLUTE
    ../Drivers/STM32F4xx_HAL_Driver/Src/stm32f4xx_hal_dma.c 0x00000000   Number         0  stm32f4xx_hal_dma.o ABSOLUTE
    ../Drivers/STM32F4xx_HAL_Driver/Src/stm32f4xx_hal_dma_ex.c 0x00000000   Number         0  stm32f4xx_hal_dma_ex.o ABSOLUTE
    ../Drivers/STM32F4xx_HAL_Driver/Src/stm32f4xx_hal_exti.c 0x00000000   Number         0  stm32f4xx_hal_exti.o ABSOLUTE
    ../Drivers/STM32F4xx_HAL_Driver/Src/stm32f4xx_hal_flash.c 0x00000000   Number         0  stm32f4xx_hal_flash.o ABSOLUTE
    ../Drivers/STM32F4xx_HAL_Driver/Src/stm32f4xx_hal_flash_ex.c 0x00000000   Number         0  stm32f4xx_hal_flash_ex.o ABSOLUTE
    ../Drivers/STM32F4xx_HAL_Driver/Src/stm32f4xx_hal_flash_ramfunc.c 0x00000000   Number         0  stm32f4xx_hal_flash_ramfunc.o ABSOLUTE
    ../Drivers/STM32F4xx_HAL_Driver/Src/stm32f4xx_hal_gpio.c 0x00000000   Number         0  stm32f4xx_hal_gpio.o ABSOLUTE
    ../Drivers/STM32F4xx_HAL_Driver/Src/stm32f4xx_hal_pwr.c 0x00000000   Number         0  stm32f4xx_hal_pwr.o ABSOLUTE
    ../Drivers/STM32F4xx_HAL_Driver/Src/stm32f4xx_hal_pwr_ex.c 0x00000000   Number         0  stm32f4xx_hal_pwr_ex.o ABSOLUTE
    ../Drivers/STM32F4xx_HAL_Driver/Src/stm32f4xx_hal_rcc.c 0x00000000   Number         0  stm32f4xx_hal_rcc.o ABSOLUTE
    ../Drivers/STM32F4xx_HAL_Driver/Src/stm32f4xx_hal_rcc_ex.c 0x00000000   Number         0  stm32f4xx_hal_rcc_ex.o ABSOLUTE
    ../Drivers/STM32F4xx_HAL_Driver/Src/stm32f4xx_hal_spi.c 0x00000000   Number         0  stm32f4xx_hal_spi.o ABSOLUTE
    ../Drivers/STM32F4xx_HAL_Driver/Src/stm32f4xx_hal_tim.c 0x00000000   Number         0  stm32f4xx_hal_tim.o ABSOLUTE
    ../Drivers/STM32F4xx_HAL_Driver/Src/stm32f4xx_hal_tim_ex.c 0x00000000   Number         0  stm32f4xx_hal_tim_ex.o ABSOLUTE
    ../Drivers/STM32F4xx_HAL_Driver/Src/stm32f4xx_hal_uart.c 0x00000000   Number         0  stm32f4xx_hal_uart.o ABSOLUTE
    ../clib/angel/boardlib.s                 0x00000000   Number         0  boardinit1.o ABSOLUTE
    ../clib/angel/boardlib.s                 0x00000000   Number         0  boardinit2.o ABSOLUTE
    ../clib/angel/boardlib.s                 0x00000000   Number         0  boardshut.o ABSOLUTE
    ../clib/angel/boardlib.s                 0x00000000   Number         0  boardinit3.o ABSOLUTE
    ../clib/angel/handlers.s                 0x00000000   Number         0  __scatter_zi.o ABSOLUTE
    ../clib/angel/handlers.s                 0x00000000   Number         0  __scatter_copy.o ABSOLUTE
    ../clib/angel/kernel.s                   0x00000000   Number         0  __rtentry2.o ABSOLUTE
    ../clib/angel/kernel.s                   0x00000000   Number         0  rtexit2.o ABSOLUTE
    ../clib/angel/kernel.s                   0x00000000   Number         0  rtexit.o ABSOLUTE
    ../clib/angel/kernel.s                   0x00000000   Number         0  __rtentry4.o ABSOLUTE
    ../clib/angel/kernel.s                   0x00000000   Number         0  __rtentry.o ABSOLUTE
    ../clib/angel/rt.s                       0x00000000   Number         0  rt_raise.o ABSOLUTE
    ../clib/angel/rt.s                       0x00000000   Number         0  aeabi_ldiv0.o ABSOLUTE
    ../clib/angel/rt.s                       0x00000000   Number         0  aeabi_ldiv0_sigfpe.o ABSOLUTE
    ../clib/angel/rt.s                       0x00000000   Number         0  rt_div0.o ABSOLUTE
    ../clib/angel/scatter.s                  0x00000000   Number         0  __scatter.o ABSOLUTE
    ../clib/angel/startup.s                  0x00000000   Number         0  __main.o ABSOLUTE
    ../clib/angel/sys.s                      0x00000000   Number         0  indicate_semi.o ABSOLUTE
    ../clib/angel/sys.s                      0x00000000   Number         0  libspace.o ABSOLUTE
    ../clib/angel/sys.s                      0x00000000   Number         0  sys_stackheap_outer.o ABSOLUTE
    ../clib/angel/sys.s                      0x00000000   Number         0  use_no_semi.o ABSOLUTE
    ../clib/angel/sysapp.c                   0x00000000   Number         0  sys_wrch.o ABSOLUTE
    ../clib/angel/sysapp.c                   0x00000000   Number         0  sys_exit.o ABSOLUTE
    ../clib/angel/sysapp.c                   0x00000000   Number         0  sys_command.o ABSOLUTE
    ../clib/armsys.c                         0x00000000   Number         0  _get_argv_nomalloc.o ABSOLUTE
    ../clib/armsys.c                         0x00000000   Number         0  argv_veneer.o ABSOLUTE
    ../clib/armsys.c                         0x00000000   Number         0  argv_veneer.o ABSOLUTE
    ../clib/armsys.c                         0x00000000   Number         0  no_argv.o ABSOLUTE
    ../clib/heapalloc.c                      0x00000000   Number         0  hrguard.o ABSOLUTE
    ../clib/heapaux.c                        0x00000000   Number         0  heapauxi.o ABSOLUTE
    ../clib/libinit.s                        0x00000000   Number         0  libshutdown.o ABSOLUTE
    ../clib/libinit.s                        0x00000000   Number         0  libinit2.o ABSOLUTE
    ../clib/libinit.s                        0x00000000   Number         0  libinit.o ABSOLUTE
    ../clib/libinit.s                        0x00000000   Number         0  libshutdown2.o ABSOLUTE
    ../clib/longlong.s                       0x00000000   Number         0  lludivv7m.o ABSOLUTE
    ../clib/memcpset.s                       0x00000000   Number         0  rt_memclr_w.o ABSOLUTE
    ../clib/memcpset.s                       0x00000000   Number         0  rt_memcpy_w.o ABSOLUTE
    ../clib/misc.s                           0x00000000   Number         0  printf_stubs.o ABSOLUTE
    ../clib/printf.c                         0x00000000   Number         0  __printf.o ABSOLUTE
    ../clib/printf.c                         0x00000000   Number         0  _printf_char_common.o ABSOLUTE
    ../clib/printf.c                         0x00000000   Number         0  _printf_intcommon.o ABSOLUTE
    ../clib/printf.c                         0x00000000   Number         0  __printf_ss_wp.o ABSOLUTE
    ../clib/printf.c                         0x00000000   Number         0  __printf_flags_wp.o ABSOLUTE
    ../clib/printf.c                         0x00000000   Number         0  __printf_flags_ss_wp.o ABSOLUTE
    ../clib/printf.c                         0x00000000   Number         0  __printf_wp.o ABSOLUTE
    ../clib/printf.c                         0x00000000   Number         0  __printf_flags_ss.o ABSOLUTE
    ../clib/printf.c                         0x00000000   Number         0  __printf_ss.o ABSOLUTE
    ../clib/printf.c                         0x00000000   Number         0  _printf_dec.o ABSOLUTE
    ../clib/printf.c                         0x00000000   Number         0  __printf_flags.o ABSOLUTE
    ../clib/printf.c                         0x00000000   Number         0  __2sprintf.o ABSOLUTE
    ../clib/printf.c                         0x00000000   Number         0  _printf_hex_int_ll_ptr.o ABSOLUTE
    ../clib/printf.c                         0x00000000   Number         0  _printf_hex_ll_ptr.o ABSOLUTE
    ../clib/printf.c                         0x00000000   Number         0  _printf_hex_int_ptr.o ABSOLUTE
    ../clib/printf.c                         0x00000000   Number         0  _printf_hex_ptr.o ABSOLUTE
    ../clib/printf.c                         0x00000000   Number         0  noretval__2sprintf.o ABSOLUTE
    ../clib/printf.c                         0x00000000   Number         0  _printf_hex_int_ll.o ABSOLUTE
    ../clib/printf.c                         0x00000000   Number         0  _printf_pad.o ABSOLUTE
    ../clib/printf.c                         0x00000000   Number         0  __printf_nopercent.o ABSOLUTE
    ../clib/printf.c                         0x00000000   Number         0  _sputc.o ABSOLUTE
    ../clib/printf.c                         0x00000000   Number         0  _printf_hex_int.o ABSOLUTE
    ../clib/printf.c                         0x00000000   Number         0  _printf_hex_ll.o ABSOLUTE
    ../clib/printf_percent.s                 0x00000000   Number         0  _printf_d.o ABSOLUTE
    ../clib/printf_percent.s                 0x00000000   Number         0  _printf_x.o ABSOLUTE
    ../clib/printf_percent.s                 0x00000000   Number         0  _printf_percent_end.o ABSOLUTE
    ../clib/printf_percent.s                 0x00000000   Number         0  _printf_percent.o ABSOLUTE
    ../clib/signal.c                         0x00000000   Number         0  defsig_rtmem_inner.o ABSOLUTE
    ../clib/signal.c                         0x00000000   Number         0  defsig_abrt_inner.o ABSOLUTE
    ../clib/signal.c                         0x00000000   Number         0  defsig_rtred_inner.o ABSOLUTE
    ../clib/signal.c                         0x00000000   Number         0  defsig_general.o ABSOLUTE
    ../clib/signal.c                         0x00000000   Number         0  __raise.o ABSOLUTE
    ../clib/signal.c                         0x00000000   Number         0  defsig_fpe_inner.o ABSOLUTE
    ../clib/signal.c                         0x00000000   Number         0  defsig_exit.o ABSOLUTE
    ../clib/signal.c                         0x00000000   Number         0  defsig_fpe_formal.o ABSOLUTE
    ../clib/signal.c                         0x00000000   Number         0  defsig_fpe_outer.o ABSOLUTE
    ../clib/signal.c                         0x00000000   Number         0  defsig_other.o ABSOLUTE
    ../clib/signal.c                         0x00000000   Number         0  defsig_segv_inner.o ABSOLUTE
    ../clib/signal.c                         0x00000000   Number         0  defsig_cppl_inner.o ABSOLUTE
    ../clib/signal.c                         0x00000000   Number         0  defsig_pvfn_inner.o ABSOLUTE
    ../clib/signal.c                         0x00000000   Number         0  defsig_stak_inner.o ABSOLUTE
    ../clib/signal.c                         0x00000000   Number         0  defsig_rtmem_formal.o ABSOLUTE
    ../clib/signal.c                         0x00000000   Number         0  defsig_rtmem_outer.o ABSOLUTE
    ../clib/signal.s                         0x00000000   Number         0  defsig.o ABSOLUTE
    ../clib/stdlib.c                         0x00000000   Number         0  exit.o ABSOLUTE
    ../clib/string.c                         0x00000000   Number         0  strlen.o ABSOLUTE
    ../fplib/fpinit.s                        0x00000000   Number         0  fpinit.o ABSOLUTE
    ..\Core\Src\main.c                       0x00000000   Number         0  main.o ABSOLUTE
    ..\Core\Src\stm32f4xx_hal_msp.c          0x00000000   Number         0  stm32f4xx_hal_msp.o ABSOLUTE
    ..\Core\Src\stm32f4xx_it.c               0x00000000   Number         0  stm32f4xx_it.o ABSOLUTE
    ..\Core\Src\system_stm32f4xx.c           0x00000000   Number         0  system_stm32f4xx.o ABSOLUTE
    ..\Drivers\STM32F4xx_HAL_Driver\Src\stm32f4xx_hal.c 0x00000000   Number         0  stm32f4xx_hal.o ABSOLUTE
    ..\Drivers\STM32F4xx_HAL_Driver\Src\stm32f4xx_hal_cortex.c 0x00000000   Number         0  stm32f4xx_hal_cortex.o ABSOLUTE
    ..\Drivers\STM32F4xx_HAL_Driver\Src\stm32f4xx_hal_dma.c 0x00000000   Number         0  stm32f4xx_hal_dma.o ABSOLUTE
    ..\Drivers\STM32F4xx_HAL_Driver\Src\stm32f4xx_hal_dma_ex.c 0x00000000   Number         0  stm32f4xx_hal_dma_ex.o ABSOLUTE
    ..\Drivers\STM32F4xx_HAL_Driver\Src\stm32f4xx_hal_exti.c 0x00000000   Number         0  stm32f4xx_hal_exti.o ABSOLUTE
    ..\Drivers\STM32F4xx_HAL_Driver\Src\stm32f4xx_hal_flash.c 0x00000000   Number         0  stm32f4xx_hal_flash.o ABSOLUTE
    ..\Drivers\STM32F4xx_HAL_Driver\Src\stm32f4xx_hal_flash_ex.c 0x00000000   Number         0  stm32f4xx_hal_flash_ex.o ABSOLUTE
    ..\Drivers\STM32F4xx_HAL_Driver\Src\stm32f4xx_hal_flash_ramfunc.c 0x00000000   Number         0  stm32f4xx_hal_flash_ramfunc.o ABSOLUTE
    ..\Drivers\STM32F4xx_HAL_Driver\Src\stm32f4xx_hal_gpio.c 0x00000000   Number         0  stm32f4xx_hal_gpio.o ABSOLUTE
    ..\Drivers\STM32F4xx_HAL_Driver\Src\stm32f4xx_hal_pwr.c 0x00000000   Number         0  stm32f4xx_hal_pwr.o ABSOLUTE
    ..\Drivers\STM32F4xx_HAL_Driver\Src\stm32f4xx_hal_pwr_ex.c 0x00000000   Number         0  stm32f4xx_hal_pwr_ex.o ABSOLUTE
    ..\Drivers\STM32F4xx_HAL_Driver\Src\stm32f4xx_hal_rcc.c 0x00000000   Number         0  stm32f4xx_hal_rcc.o ABSOLUTE
    ..\Drivers\STM32F4xx_HAL_Driver\Src\stm32f4xx_hal_rcc_ex.c 0x00000000   Number         0  stm32f4xx_hal_rcc_ex.o ABSOLUTE
    ..\Drivers\STM32F4xx_HAL_Driver\Src\stm32f4xx_hal_spi.c 0x00000000   Number         0  stm32f4xx_hal_spi.o ABSOLUTE
    ..\Drivers\STM32F4xx_HAL_Driver\Src\stm32f4xx_hal_tim.c 0x00000000   Number         0  stm32f4xx_hal_tim.o ABSOLUTE
    ..\Drivers\STM32F4xx_HAL_Driver\Src\stm32f4xx_hal_tim_ex.c 0x00000000   Number         0  stm32f4xx_hal_tim_ex.o ABSOLUTE
    ..\Drivers\STM32F4xx_HAL_Driver\Src\stm32f4xx_hal_uart.c 0x00000000   Number         0  stm32f4xx_hal_uart.o ABSOLUTE
    MY_NRF24.c                               0x00000000   Number         0  my_nrf24.o ABSOLUTE
    MY_NRF24.c                               0x00000000   Number         0  my_nrf24.o ABSOLUTE
    dc.s                                     0x00000000   Number         0  dc.o ABSOLUTE
    startup_stm32f407xx.s                    0x00000000   Number         0  startup_stm32f407xx.o ABSOLUTE
    RESET                                    0x08000000   Section      392  startup_stm32f407xx.o(RESET)
    !!!main                                  0x08000188   Section        8  __main.o(!!!main)
    !!!scatter                               0x08000190   Section       52  __scatter.o(!!!scatter)
    !!handler_copy                           0x080001c4   Section       26  __scatter_copy.o(!!handler_copy)
    !!handler_zi                             0x080001e0   Section       28  __scatter_zi.o(!!handler_zi)
    .ARM.Collect$$_printf_percent$$00000000  0x080001fc   Section        0  _printf_percent.o(.ARM.Collect$$_printf_percent$$00000000)
    .ARM.Collect$$_printf_percent$$00000009  0x080001fc   Section        6  _printf_d.o(.ARM.Collect$$_printf_percent$$00000009)
    .ARM.Collect$$_printf_percent$$0000000C  0x08000202   Section        6  _printf_x.o(.ARM.Collect$$_printf_percent$$0000000C)
    .ARM.Collect$$_printf_percent$$00000017  0x08000208   Section        4  _printf_percent_end.o(.ARM.Collect$$_printf_percent$$00000017)
    .ARM.Collect$$libinit$$00000000          0x0800020c   Section        2  libinit.o(.ARM.Collect$$libinit$$00000000)
    .ARM.Collect$$libinit$$00000001          0x0800020e   Section        4  libinit2.o(.ARM.Collect$$libinit$$00000001)
    .ARM.Collect$$libinit$$00000004          0x08000212   Section        0  libinit2.o(.ARM.Collect$$libinit$$00000004)
    .ARM.Collect$$libinit$$0000000A          0x08000212   Section        0  libinit2.o(.ARM.Collect$$libinit$$0000000A)
    .ARM.Collect$$libinit$$0000000C          0x08000212   Section        0  libinit2.o(.ARM.Collect$$libinit$$0000000C)
    .ARM.Collect$$libinit$$0000000E          0x08000212   Section        0  libinit2.o(.ARM.Collect$$libinit$$0000000E)
    .ARM.Collect$$libinit$$00000011          0x08000212   Section        0  libinit2.o(.ARM.Collect$$libinit$$00000011)
    .ARM.Collect$$libinit$$00000013          0x08000212   Section        0  libinit2.o(.ARM.Collect$$libinit$$00000013)
    .ARM.Collect$$libinit$$00000015          0x08000212   Section        0  libinit2.o(.ARM.Collect$$libinit$$00000015)
    .ARM.Collect$$libinit$$00000017          0x08000212   Section        0  libinit2.o(.ARM.Collect$$libinit$$00000017)
    .ARM.Collect$$libinit$$00000019          0x08000212   Section        0  libinit2.o(.ARM.Collect$$libinit$$00000019)
    .ARM.Collect$$libinit$$0000001B          0x08000212   Section        0  libinit2.o(.ARM.Collect$$libinit$$0000001B)
    .ARM.Collect$$libinit$$0000001D          0x08000212   Section        0  libinit2.o(.ARM.Collect$$libinit$$0000001D)
    .ARM.Collect$$libinit$$0000001F          0x08000212   Section        0  libinit2.o(.ARM.Collect$$libinit$$0000001F)
    .ARM.Collect$$libinit$$00000021          0x08000212   Section        0  libinit2.o(.ARM.Collect$$libinit$$00000021)
    .ARM.Collect$$libinit$$00000023          0x08000212   Section        0  libinit2.o(.ARM.Collect$$libinit$$00000023)
    .ARM.Collect$$libinit$$00000025          0x08000212   Section        0  libinit2.o(.ARM.Collect$$libinit$$00000025)
    .ARM.Collect$$libinit$$0000002C          0x08000212   Section        0  libinit2.o(.ARM.Collect$$libinit$$0000002C)
    .ARM.Collect$$libinit$$0000002E          0x08000212   Section        0  libinit2.o(.ARM.Collect$$libinit$$0000002E)
    .ARM.Collect$$libinit$$00000030          0x08000212   Section        0  libinit2.o(.ARM.Collect$$libinit$$00000030)
    .ARM.Collect$$libinit$$00000032          0x08000212   Section        0  libinit2.o(.ARM.Collect$$libinit$$00000032)
    .ARM.Collect$$libinit$$00000033          0x08000212   Section        2  libinit2.o(.ARM.Collect$$libinit$$00000033)
    .ARM.Collect$$libshutdown$$00000000      0x08000214   Section        2  libshutdown.o(.ARM.Collect$$libshutdown$$00000000)
    .ARM.Collect$$libshutdown$$00000002      0x08000216   Section        0  libshutdown2.o(.ARM.Collect$$libshutdown$$00000002)
    .ARM.Collect$$libshutdown$$00000004      0x08000216   Section        0  libshutdown2.o(.ARM.Collect$$libshutdown$$00000004)
    .ARM.Collect$$libshutdown$$00000006      0x08000216   Section        0  libshutdown2.o(.ARM.Collect$$libshutdown$$00000006)
    .ARM.Collect$$libshutdown$$00000009      0x08000216   Section        0  libshutdown2.o(.ARM.Collect$$libshutdown$$00000009)
    .ARM.Collect$$libshutdown$$0000000C      0x08000216   Section        0  libshutdown2.o(.ARM.Collect$$libshutdown$$0000000C)
    .ARM.Collect$$libshutdown$$0000000E      0x08000216   Section        0  libshutdown2.o(.ARM.Collect$$libshutdown$$0000000E)
    .ARM.Collect$$libshutdown$$00000011      0x08000216   Section        0  libshutdown2.o(.ARM.Collect$$libshutdown$$00000011)
    .ARM.Collect$$libshutdown$$00000012      0x08000216   Section        2  libshutdown2.o(.ARM.Collect$$libshutdown$$00000012)
    .ARM.Collect$$rtentry$$00000000          0x08000218   Section        0  __rtentry.o(.ARM.Collect$$rtentry$$00000000)
    .ARM.Collect$$rtentry$$00000002          0x08000218   Section        0  __rtentry2.o(.ARM.Collect$$rtentry$$00000002)
    .ARM.Collect$$rtentry$$00000004          0x08000218   Section        6  __rtentry4.o(.ARM.Collect$$rtentry$$00000004)
    .ARM.Collect$$rtentry$$00000009          0x0800021e   Section        0  __rtentry2.o(.ARM.Collect$$rtentry$$00000009)
    .ARM.Collect$$rtentry$$0000000A          0x0800021e   Section        4  __rtentry2.o(.ARM.Collect$$rtentry$$0000000A)
    .ARM.Collect$$rtentry$$0000000C          0x08000222   Section        0  __rtentry2.o(.ARM.Collect$$rtentry$$0000000C)
    .ARM.Collect$$rtentry$$0000000D          0x08000222   Section        8  __rtentry2.o(.ARM.Collect$$rtentry$$0000000D)
    .ARM.Collect$$rtexit$$00000000           0x0800022a   Section        2  rtexit.o(.ARM.Collect$$rtexit$$00000000)
    .ARM.Collect$$rtexit$$00000002           0x0800022c   Section        0  rtexit2.o(.ARM.Collect$$rtexit$$00000002)
    .ARM.Collect$$rtexit$$00000003           0x0800022c   Section        4  rtexit2.o(.ARM.Collect$$rtexit$$00000003)
    .ARM.Collect$$rtexit$$00000004           0x08000230   Section        6  rtexit2.o(.ARM.Collect$$rtexit$$00000004)
    .text                                    0x08000238   Section       64  startup_stm32f407xx.o(.text)
    $v0                                      0x08000238   Number         0  startup_stm32f407xx.o(.text)
    .text                                    0x08000278   Section      238  lludivv7m.o(.text)
    .text                                    0x08000368   Section        0  noretval__2sprintf.o(.text)
    .text                                    0x08000390   Section        0  _printf_pad.o(.text)
    .text                                    0x080003e0   Section        0  _printf_dec.o(.text)
    .text                                    0x08000458   Section        0  _printf_hex_int.o(.text)
    .text                                    0x080004b0   Section        0  __printf_flags_wp.o(.text)
    .text                                    0x080005e8   Section        0  strlen.o(.text)
    .text                                    0x08000626   Section      100  rt_memcpy_w.o(.text)
    .text                                    0x0800068a   Section       78  rt_memclr_w.o(.text)
    .text                                    0x080006d8   Section        0  heapauxi.o(.text)
    .text                                    0x080006de   Section        0  _printf_intcommon.o(.text)
    .text                                    0x08000790   Section        0  _printf_char_common.o(.text)
    _printf_input_char                       0x08000791   Thumb Code    10  _printf_char_common.o(.text)
    .text                                    0x080007c0   Section        0  _sputc.o(.text)
    .text                                    0x080007ca   Section       74  sys_stackheap_outer.o(.text)
    .text                                    0x08000814   Section        0  exit.o(.text)
    .text                                    0x08000828   Section        8  libspace.o(.text)
    .text                                    0x08000830   Section        0  sys_exit.o(.text)
    .text                                    0x0800083c   Section        2  use_no_semi.o(.text)
    .text                                    0x0800083e   Section        0  indicate_semi.o(.text)
    i.BusFault_Handler                       0x0800083e   Section        0  stm32f4xx_it.o(i.BusFault_Handler)
    i.DebugMon_Handler                       0x08000840   Section        0  stm32f4xx_it.o(i.DebugMon_Handler)
    i.HAL_Delay                              0x08000844   Section        0  stm32f4xx_hal.o(i.HAL_Delay)
    i.HAL_GPIO_Init                          0x08000868   Section        0  stm32f4xx_hal_gpio.o(i.HAL_GPIO_Init)
    i.HAL_GPIO_TogglePin                     0x08000a58   Section        0  stm32f4xx_hal_gpio.o(i.HAL_GPIO_TogglePin)
    i.HAL_GPIO_WritePin                      0x08000a68   Section        0  stm32f4xx_hal_gpio.o(i.HAL_GPIO_WritePin)
    i.HAL_GetTick                            0x08000a74   Section        0  stm32f4xx_hal.o(i.HAL_GetTick)
    i.HAL_IncTick                            0x08000a80   Section        0  stm32f4xx_hal.o(i.HAL_IncTick)
    i.HAL_Init                               0x08000a90   Section        0  stm32f4xx_hal.o(i.HAL_Init)
    i.HAL_InitTick                           0x08000ac4   Section        0  stm32f4xx_hal.o(i.HAL_InitTick)
    i.HAL_MspInit                            0x08000b04   Section        0  stm32f4xx_hal_msp.o(i.HAL_MspInit)
    i.HAL_NVIC_SetPriority                   0x08000b34   Section        0  stm32f4xx_hal_cortex.o(i.HAL_NVIC_SetPriority)
    i.HAL_NVIC_SetPriorityGrouping           0x08000b74   Section        0  stm32f4xx_hal_cortex.o(i.HAL_NVIC_SetPriorityGrouping)
    i.HAL_RCC_ClockConfig                    0x08000b98   Section        0  stm32f4xx_hal_rcc.o(i.HAL_RCC_ClockConfig)
    i.HAL_RCC_GetPCLK1Freq                   0x08000ccc   Section        0  stm32f4xx_hal_rcc.o(i.HAL_RCC_GetPCLK1Freq)
    i.HAL_RCC_GetPCLK2Freq                   0x08000cec   Section        0  stm32f4xx_hal_rcc.o(i.HAL_RCC_GetPCLK2Freq)
    i.HAL_RCC_GetSysClockFreq                0x08000d0c   Section        0  stm32f4xx_hal_rcc.o(i.HAL_RCC_GetSysClockFreq)
    i.HAL_RCC_OscConfig                      0x08000d6c   Section        0  stm32f4xx_hal_rcc.o(i.HAL_RCC_OscConfig)
    i.HAL_SPI_Init                           0x080010d8   Section        0  stm32f4xx_hal_spi.o(i.HAL_SPI_Init)
    i.HAL_SPI_MspInit                        0x08001194   Section        0  stm32f4xx_hal_msp.o(i.HAL_SPI_MspInit)
    i.HAL_SPI_Receive                        0x080011fc   Section        0  stm32f4xx_hal_spi.o(i.HAL_SPI_Receive)
    i.HAL_SPI_Transmit                       0x08001356   Section        0  stm32f4xx_hal_spi.o(i.HAL_SPI_Transmit)
    i.HAL_SPI_TransmitReceive                0x080014bc   Section        0  stm32f4xx_hal_spi.o(i.HAL_SPI_TransmitReceive)
    i.HAL_SYSTICK_Config                     0x0800169e   Section        0  stm32f4xx_hal_cortex.o(i.HAL_SYSTICK_Config)
    i.HAL_UART_Init                          0x080016c6   Section        0  stm32f4xx_hal_uart.o(i.HAL_UART_Init)
    i.HAL_UART_MspInit                       0x08001728   Section        0  stm32f4xx_hal_msp.o(i.HAL_UART_MspInit)
    i.HAL_UART_Transmit                      0x080017c4   Section        0  stm32f4xx_hal_uart.o(i.HAL_UART_Transmit)
    i.HardFault_Handler                      0x08001876   Section        0  stm32f4xx_it.o(i.HardFault_Handler)
    i.MX_GPIO_Init                           0x08001878   Section        0  main.o(i.MX_GPIO_Init)
    MX_GPIO_Init                             0x08001879   Thumb Code   154  main.o(i.MX_GPIO_Init)
    i.MX_SPI1_Init                           0x08001920   Section        0  main.o(i.MX_SPI1_Init)
    MX_SPI1_Init                             0x08001921   Thumb Code    58  main.o(i.MX_SPI1_Init)
    i.MemManage_Handler                      0x08001964   Section        0  stm32f4xx_it.o(i.MemManage_Handler)
    i.NMI_Handler                            0x08001966   Section        0  stm32f4xx_it.o(i.NMI_Handler)
    i.NRF24_ACTIVATE_cmd                     0x08001968   Section        0  my_nrf24.o(i.NRF24_ACTIVATE_cmd)
    i.NRF24_DelayMicroSeconds                0x08001994   Section        0  my_nrf24.o(i.NRF24_DelayMicroSeconds)
    i.NRF24_available                        0x080019b0   Section        0  my_nrf24.o(i.NRF24_available)
    i.NRF24_availablePipe                    0x080019b6   Section        0  my_nrf24.o(i.NRF24_availablePipe)
    i.NRF24_begin                            0x080019e8   Section        0  my_nrf24.o(i.NRF24_begin)
    i.NRF24_ce                               0x08001b74   Section        0  my_nrf24.o(i.NRF24_ce)
    i.NRF24_csn                              0x08001b88   Section        0  my_nrf24.o(i.NRF24_csn)
    i.NRF24_disableDynamicPayloads           0x08001b9c   Section        0  my_nrf24.o(i.NRF24_disableDynamicPayloads)
    i.NRF24_enableAckPayload                 0x08001bc4   Section        0  my_nrf24.o(i.NRF24_enableAckPayload)
    i.NRF24_enableDynamicPayloads            0x08001c08   Section        0  my_nrf24.o(i.NRF24_enableDynamicPayloads)
    i.NRF24_flush_rx                         0x08001c54   Section        0  my_nrf24.o(i.NRF24_flush_rx)
    i.NRF24_flush_tx                         0x08001c5c   Section        0  my_nrf24.o(i.NRF24_flush_tx)
    i.NRF24_get_status                       0x08001c64   Section        0  my_nrf24.o(i.NRF24_get_status)
    i.NRF24_openReadingPipe                  0x08001c6c   Section        0  my_nrf24.o(i.NRF24_openReadingPipe)
    i.NRF24_powerDown                        0x08001cc4   Section        0  my_nrf24.o(i.NRF24_powerDown)
    i.NRF24_read                             0x08001cda   Section        0  my_nrf24.o(i.NRF24_read)
    i.NRF24_read_payload                     0x08001d00   Section        0  my_nrf24.o(i.NRF24_read_payload)
    i.NRF24_read_register                    0x08001d44   Section        0  my_nrf24.o(i.NRF24_read_register)
    i.NRF24_read_registerN                   0x08001d84   Section        0  my_nrf24.o(i.NRF24_read_registerN)
    i.NRF24_resetStatus                      0x08001dc0   Section        0  my_nrf24.o(i.NRF24_resetStatus)
    i.NRF24_setAutoAck                       0x08001dc8   Section        0  my_nrf24.o(i.NRF24_setAutoAck)
    i.NRF24_setCRCLength                     0x08001dd6   Section        0  my_nrf24.o(i.NRF24_setCRCLength)
    i.NRF24_setChannel                       0x08001dfe   Section        0  my_nrf24.o(i.NRF24_setChannel)
    i.NRF24_setDataRate                      0x08001e0c   Section        0  my_nrf24.o(i.NRF24_setDataRate)
    i.NRF24_setPALevel                       0x08001e68   Section        0  my_nrf24.o(i.NRF24_setPALevel)
    i.NRF24_setPayloadSize                   0x08001ea4   Section        0  my_nrf24.o(i.NRF24_setPayloadSize)
    i.NRF24_setRetries                       0x08001eb4   Section        0  my_nrf24.o(i.NRF24_setRetries)
    i.NRF24_startListening                   0x08001ec4   Section        0  my_nrf24.o(i.NRF24_startListening)
    i.NRF24_writeAckPayload                  0x08001f08   Section        0  my_nrf24.o(i.NRF24_writeAckPayload)
    i.NRF24_write_register                   0x08001f38   Section        0  my_nrf24.o(i.NRF24_write_register)
    i.NRF24_write_registerN                  0x08001f68   Section        0  my_nrf24.o(i.NRF24_write_registerN)
    i.PendSV_Handler                         0x08001fa4   Section        0  stm32f4xx_it.o(i.PendSV_Handler)
    i.SPI_EndRxTransaction                   0x08001fa6   Section        0  stm32f4xx_hal_spi.o(i.SPI_EndRxTransaction)
    SPI_EndRxTransaction                     0x08001fa7   Thumb Code    92  stm32f4xx_hal_spi.o(i.SPI_EndRxTransaction)
    i.SPI_EndRxTxTransaction                 0x08002004   Section        0  stm32f4xx_hal_spi.o(i.SPI_EndRxTxTransaction)
    SPI_EndRxTxTransaction                   0x08002005   Thumb Code    80  stm32f4xx_hal_spi.o(i.SPI_EndRxTxTransaction)
    i.SPI_WaitFlagStateUntilTimeout          0x0800205c   Section        0  stm32f4xx_hal_spi.o(i.SPI_WaitFlagStateUntilTimeout)
    SPI_WaitFlagStateUntilTimeout            0x0800205d   Thumb Code   180  stm32f4xx_hal_spi.o(i.SPI_WaitFlagStateUntilTimeout)
    i.SVC_Handler                            0x08002114   Section        0  stm32f4xx_it.o(i.SVC_Handler)
    i.SysTick_Handler                        0x08002116   Section        0  stm32f4xx_it.o(i.SysTick_Handler)
    i.SystemClock_Config                     0x0800211c   Section        0  main.o(i.SystemClock_Config)
    i.SystemInit                             0x080021b0   Section        0  system_stm32f4xx.o(i.SystemInit)
    i.UART_SetConfig                         0x080021c0   Section        0  stm32f4xx_hal_uart.o(i.UART_SetConfig)
    UART_SetConfig                           0x080021c1   Thumb Code   258  stm32f4xx_hal_uart.o(i.UART_SetConfig)
    i.UART_WaitOnFlagUntilTimeout            0x080022cc   Section        0  stm32f4xx_hal_uart.o(i.UART_WaitOnFlagUntilTimeout)
    UART_WaitOnFlagUntilTimeout              0x080022cd   Thumb Code   120  stm32f4xx_hal_uart.o(i.UART_WaitOnFlagUntilTimeout)
    i.UsageFault_Handler                     0x08002344   Section        0  stm32f4xx_it.o(i.UsageFault_Handler)
    i.__NVIC_SetPriority                     0x08002346   Section        0  stm32f4xx_hal_cortex.o(i.__NVIC_SetPriority)
    __NVIC_SetPriority                       0x08002347   Thumb Code    32  stm32f4xx_hal_cortex.o(i.__NVIC_SetPriority)
    i._is_digit                              0x08002366   Section        0  __printf_wp.o(i._is_digit)
    i.main                                   0x08002374   Section        0  main.o(i.main)
    i.nrf24_DebugUART_Init                   0x0800251c   Section        0  my_nrf24.o(i.nrf24_DebugUART_Init)
    i.printRadioSettings                     0x08002534   Section        0  my_nrf24.o(i.printRadioSettings)
    x$fpl$fpinit                             0x08002d04   Section       10  fpinit.o(x$fpl$fpinit)
    $v0                                      0x08002d04   Number         0  fpinit.o(x$fpl$fpinit)
    .constdata                               0x08002d0e   Section       13  my_nrf24.o(.constdata)
    RF24_RX_PW_PIPE                          0x08002d0e   Data           6  my_nrf24.o(.constdata)
    NRF24_ADDR_REGS                          0x08002d14   Data           7  my_nrf24.o(.constdata)
    .constdata                               0x08002d1b   Section       16  system_stm32f4xx.o(.constdata)
    .constdata                               0x08002d2b   Section        8  system_stm32f4xx.o(.constdata)
    .constdata                               0x08002d33   Section       40  _printf_hex_int.o(.constdata)
    uc_hextab                                0x08002d33   Data          20  _printf_hex_int.o(.constdata)
    lc_hextab                                0x08002d47   Data          20  _printf_hex_int.o(.constdata)
    .constdata                               0x08002d5b   Section       17  __printf_flags_wp.o(.constdata)
    maptable                                 0x08002d5b   Data          17  __printf_flags_wp.o(.constdata)
    .conststring                             0x08002d6c   Section      218  my_nrf24.o(.conststring)
    .data                                    0x20000000   Section       24  my_nrf24.o(.data)
    ack_payload_available                    0x20000000   Data           1  my_nrf24.o(.data)
    ack_payload_length                       0x20000001   Data           1  my_nrf24.o(.data)
    payload_size                             0x20000002   Data           1  my_nrf24.o(.data)
    dynamic_payloads_enabled                 0x20000003   Data           1  my_nrf24.o(.data)
    p_variant                                0x20000004   Data           1  my_nrf24.o(.data)
    wide_band                                0x20000005   Data           1  my_nrf24.o(.data)
    nrf24_CSN_PIN                            0x20000006   Data           2  my_nrf24.o(.data)
    nrf24_CE_PIN                             0x20000008   Data           2  my_nrf24.o(.data)
    nrf24_PORT                               0x2000000c   Data           4  my_nrf24.o(.data)
    pipe0_reading_address                    0x20000010   Data           8  my_nrf24.o(.data)
    .data                                    0x20000018   Section       40  main.o(.data)
    .data                                    0x20000040   Section       12  stm32f4xx_hal.o(.data)
    .data                                    0x2000004c   Section        4  system_stm32f4xx.o(.data)
    .bss                                     0x20000050   Section      156  my_nrf24.o(.bss)
    nrf24_hspi                               0x20000050   Data          88  my_nrf24.o(.bss)
    nrf24_huart                              0x200000a8   Data          68  my_nrf24.o(.bss)
    .bss                                     0x200000ec   Section      274  main.o(.bss)
    .bss                                     0x20000200   Section       96  libspace.o(.bss)
    HEAP                                     0x20000260   Section      512  startup_stm32f407xx.o(HEAP)
    Heap_Mem                                 0x20000260   Data         512  startup_stm32f407xx.o(HEAP)
    STACK                                    0x20000460   Section     1024  startup_stm32f407xx.o(STACK)
    Stack_Mem                                0x20000460   Data        1024  startup_stm32f407xx.o(STACK)
    __initial_sp                             0x20000860   Data           0  startup_stm32f407xx.o(STACK)

    Global Symbols

    Symbol Name                              Value     Ov Type        Size  Object(Section)

    BuildAttributes$$THM_ISAv4$E$P$D$K$B$S$7EM$VFPi3$EXTD16$VFPS$VFMA$PE$A:L22UL41UL21$X:L11$S22US41US21$IEEE1$IW$USESV6$~STKCKD$USESV7$~SHL$OSPACE$ROPI$EBA8$UX$STANDARDLIB$REQ8$PRES8$EABIv2 0x00000000   Number         0  anon$$obj.o ABSOLUTE
    __ARM_use_no_argv                        0x00000000   Number         0  main.o ABSOLUTE
    _printf_flags                            0x00000000   Number         0  printf_stubs.o ABSOLUTE
    _printf_return_value                     0x00000000   Number         0  printf_stubs.o ABSOLUTE
    _printf_sizespec                         0x00000000   Number         0  printf_stubs.o ABSOLUTE
    _printf_widthprec                        0x00000000   Number         0  printf_stubs.o ABSOLUTE
    __ARM_exceptions_init                     - Undefined Weak Reference
    __alloca_initialize                       - Undefined Weak Reference
    __arm_fini_                               - Undefined Weak Reference
    __arm_preinit_                            - Undefined Weak Reference
    __cpp_initialize__aeabi_                  - Undefined Weak Reference
    __cxa_finalize                            - Undefined Weak Reference
    __rt_locale                               - Undefined Weak Reference
    __sigvec_lookup                           - Undefined Weak Reference
    _atexit_init                              - Undefined Weak Reference
    _call_atexit_fns                          - Undefined Weak Reference
    _clock_init                               - Undefined Weak Reference
    _fp_trap_init                             - Undefined Weak Reference
    _fp_trap_shutdown                         - Undefined Weak Reference
    _get_lc_collate                           - Undefined Weak Reference
    _get_lc_ctype                             - Undefined Weak Reference
    _get_lc_monetary                          - Undefined Weak Reference
    _get_lc_numeric                           - Undefined Weak Reference
    _get_lc_time                              - Undefined Weak Reference
    _getenv_init                              - Undefined Weak Reference
    _handle_redirection                       - Undefined Weak Reference
    _init_alloc                               - Undefined Weak Reference
    _init_user_alloc                          - Undefined Weak Reference
    _initio                                   - Undefined Weak Reference
    _printf_truncate_signed                   - Undefined Weak Reference
    _printf_truncate_unsigned                 - Undefined Weak Reference
    _rand_init                                - Undefined Weak Reference
    _signal_finish                            - Undefined Weak Reference
    _signal_init                              - Undefined Weak Reference
    _terminate_alloc                          - Undefined Weak Reference
    _terminate_user_alloc                     - Undefined Weak Reference
    _terminateio                              - Undefined Weak Reference
    __Vectors_Size                           0x00000188   Number         0  startup_stm32f407xx.o ABSOLUTE
    __Vectors                                0x08000000   Data           4  startup_stm32f407xx.o(RESET)
    __Vectors_End                            0x08000188   Data           0  startup_stm32f407xx.o(RESET)
    __main                                   0x08000189   Thumb Code     8  __main.o(!!!main)
    __scatterload                            0x08000191   Thumb Code     0  __scatter.o(!!!scatter)
    __scatterload_rt2                        0x08000191   Thumb Code    44  __scatter.o(!!!scatter)
    __scatterload_rt2_thumb_only             0x08000191   Thumb Code     0  __scatter.o(!!!scatter)
    __scatterload_null                       0x0800019f   Thumb Code     0  __scatter.o(!!!scatter)
    __scatterload_copy                       0x080001c5   Thumb Code    26  __scatter_copy.o(!!handler_copy)
    __scatterload_zeroinit                   0x080001e1   Thumb Code    28  __scatter_zi.o(!!handler_zi)
    _printf_d                                0x080001fd   Thumb Code     0  _printf_d.o(.ARM.Collect$$_printf_percent$$00000009)
    _printf_percent                          0x080001fd   Thumb Code     0  _printf_percent.o(.ARM.Collect$$_printf_percent$$00000000)
    _printf_x                                0x08000203   Thumb Code     0  _printf_x.o(.ARM.Collect$$_printf_percent$$0000000C)
    _printf_percent_end                      0x08000209   Thumb Code     0  _printf_percent_end.o(.ARM.Collect$$_printf_percent$$00000017)
    __rt_lib_init                            0x0800020d   Thumb Code     0  libinit.o(.ARM.Collect$$libinit$$00000000)
    __rt_lib_init_fp_1                       0x0800020f   Thumb Code     0  libinit2.o(.ARM.Collect$$libinit$$00000001)
    __rt_lib_init_alloca_1                   0x08000213   Thumb Code     0  libinit2.o(.ARM.Collect$$libinit$$0000002E)
    __rt_lib_init_argv_1                     0x08000213   Thumb Code     0  libinit2.o(.ARM.Collect$$libinit$$0000002C)
    __rt_lib_init_atexit_1                   0x08000213   Thumb Code     0  libinit2.o(.ARM.Collect$$libinit$$0000001B)
    __rt_lib_init_clock_1                    0x08000213   Thumb Code     0  libinit2.o(.ARM.Collect$$libinit$$00000021)
    __rt_lib_init_cpp_1                      0x08000213   Thumb Code     0  libinit2.o(.ARM.Collect$$libinit$$00000032)
    __rt_lib_init_exceptions_1               0x08000213   Thumb Code     0  libinit2.o(.ARM.Collect$$libinit$$00000030)
    __rt_lib_init_fp_trap_1                  0x08000213   Thumb Code     0  libinit2.o(.ARM.Collect$$libinit$$0000001F)
    __rt_lib_init_getenv_1                   0x08000213   Thumb Code     0  libinit2.o(.ARM.Collect$$libinit$$00000023)
    __rt_lib_init_heap_1                     0x08000213   Thumb Code     0  libinit2.o(.ARM.Collect$$libinit$$0000000A)
    __rt_lib_init_lc_collate_1               0x08000213   Thumb Code     0  libinit2.o(.ARM.Collect$$libinit$$00000011)
    __rt_lib_init_lc_ctype_1                 0x08000213   Thumb Code     0  libinit2.o(.ARM.Collect$$libinit$$00000013)
    __rt_lib_init_lc_monetary_1              0x08000213   Thumb Code     0  libinit2.o(.ARM.Collect$$libinit$$00000015)
    __rt_lib_init_lc_numeric_1               0x08000213   Thumb Code     0  libinit2.o(.ARM.Collect$$libinit$$00000017)
    __rt_lib_init_lc_time_1                  0x08000213   Thumb Code     0  libinit2.o(.ARM.Collect$$libinit$$00000019)
    __rt_lib_init_preinit_1                  0x08000213   Thumb Code     0  libinit2.o(.ARM.Collect$$libinit$$00000004)
    __rt_lib_init_rand_1                     0x08000213   Thumb Code     0  libinit2.o(.ARM.Collect$$libinit$$0000000E)
    __rt_lib_init_return                     0x08000213   Thumb Code     0  libinit2.o(.ARM.Collect$$libinit$$00000033)
    __rt_lib_init_signal_1                   0x08000213   Thumb Code     0  libinit2.o(.ARM.Collect$$libinit$$0000001D)
    __rt_lib_init_stdio_1                    0x08000213   Thumb Code     0  libinit2.o(.ARM.Collect$$libinit$$00000025)
    __rt_lib_init_user_alloc_1               0x08000213   Thumb Code     0  libinit2.o(.ARM.Collect$$libinit$$0000000C)
    __rt_lib_shutdown                        0x08000215   Thumb Code     0  libshutdown.o(.ARM.Collect$$libshutdown$$00000000)
    __rt_lib_shutdown_cpp_1                  0x08000217   Thumb Code     0  libshutdown2.o(.ARM.Collect$$libshutdown$$00000004)
    __rt_lib_shutdown_fini_1                 0x08000217   Thumb Code     0  libshutdown2.o(.ARM.Collect$$libshutdown$$00000002)
    __rt_lib_shutdown_fp_trap_1              0x08000217   Thumb Code     0  libshutdown2.o(.ARM.Collect$$libshutdown$$00000009)
    __rt_lib_shutdown_heap_1                 0x08000217   Thumb Code     0  libshutdown2.o(.ARM.Collect$$libshutdown$$00000011)
    __rt_lib_shutdown_return                 0x08000217   Thumb Code     0  libshutdown2.o(.ARM.Collect$$libshutdown$$00000012)
    __rt_lib_shutdown_signal_1               0x08000217   Thumb Code     0  libshutdown2.o(.ARM.Collect$$libshutdown$$0000000C)
    __rt_lib_shutdown_stdio_1                0x08000217   Thumb Code     0  libshutdown2.o(.ARM.Collect$$libshutdown$$00000006)
    __rt_lib_shutdown_user_alloc_1           0x08000217   Thumb Code     0  libshutdown2.o(.ARM.Collect$$libshutdown$$0000000E)
    __rt_entry                               0x08000219   Thumb Code     0  __rtentry.o(.ARM.Collect$$rtentry$$00000000)
    __rt_entry_presh_1                       0x08000219   Thumb Code     0  __rtentry2.o(.ARM.Collect$$rtentry$$00000002)
    __rt_entry_sh                            0x08000219   Thumb Code     0  __rtentry4.o(.ARM.Collect$$rtentry$$00000004)
    __rt_entry_li                            0x0800021f   Thumb Code     0  __rtentry2.o(.ARM.Collect$$rtentry$$0000000A)
    __rt_entry_postsh_1                      0x0800021f   Thumb Code     0  __rtentry2.o(.ARM.Collect$$rtentry$$00000009)
    __rt_entry_main                          0x08000223   Thumb Code     0  __rtentry2.o(.ARM.Collect$$rtentry$$0000000D)
    __rt_entry_postli_1                      0x08000223   Thumb Code     0  __rtentry2.o(.ARM.Collect$$rtentry$$0000000C)
    __rt_exit                                0x0800022b   Thumb Code     0  rtexit.o(.ARM.Collect$$rtexit$$00000000)
    __rt_exit_ls                             0x0800022d   Thumb Code     0  rtexit2.o(.ARM.Collect$$rtexit$$00000003)
    __rt_exit_prels_1                        0x0800022d   Thumb Code     0  rtexit2.o(.ARM.Collect$$rtexit$$00000002)
    __rt_exit_exit                           0x08000231   Thumb Code     0  rtexit2.o(.ARM.Collect$$rtexit$$00000004)
    Reset_Handler                            0x08000239   Thumb Code     8  startup_stm32f407xx.o(.text)
    ADC_IRQHandler                           0x08000253   Thumb Code     0  startup_stm32f407xx.o(.text)
    CAN1_RX0_IRQHandler                      0x08000253   Thumb Code     0  startup_stm32f407xx.o(.text)
    CAN1_RX1_IRQHandler                      0x08000253   Thumb Code     0  startup_stm32f407xx.o(.text)
    CAN1_SCE_IRQHandler                      0x08000253   Thumb Code     0  startup_stm32f407xx.o(.text)
    CAN1_TX_IRQHandler                       0x08000253   Thumb Code     0  startup_stm32f407xx.o(.text)
    CAN2_RX0_IRQHandler                      0x08000253   Thumb Code     0  startup_stm32f407xx.o(.text)
    CAN2_RX1_IRQHandler                      0x08000253   Thumb Code     0  startup_stm32f407xx.o(.text)
    CAN2_SCE_IRQHandler                      0x08000253   Thumb Code     0  startup_stm32f407xx.o(.text)
    CAN2_TX_IRQHandler                       0x08000253   Thumb Code     0  startup_stm32f407xx.o(.text)
    DCMI_IRQHandler                          0x08000253   Thumb Code     0  startup_stm32f407xx.o(.text)
    DMA1_Stream0_IRQHandler                  0x08000253   Thumb Code     0  startup_stm32f407xx.o(.text)
    DMA1_Stream1_IRQHandler                  0x08000253   Thumb Code     0  startup_stm32f407xx.o(.text)
    DMA1_Stream2_IRQHandler                  0x08000253   Thumb Code     0  startup_stm32f407xx.o(.text)
    DMA1_Stream3_IRQHandler                  0x08000253   Thumb Code     0  startup_stm32f407xx.o(.text)
    DMA1_Stream4_IRQHandler                  0x08000253   Thumb Code     0  startup_stm32f407xx.o(.text)
    DMA1_Stream5_IRQHandler                  0x08000253   Thumb Code     0  startup_stm32f407xx.o(.text)
    DMA1_Stream6_IRQHandler                  0x08000253   Thumb Code     0  startup_stm32f407xx.o(.text)
    DMA1_Stream7_IRQHandler                  0x08000253   Thumb Code     0  startup_stm32f407xx.o(.text)
    DMA2_Stream0_IRQHandler                  0x08000253   Thumb Code     0  startup_stm32f407xx.o(.text)
    DMA2_Stream1_IRQHandler                  0x08000253   Thumb Code     0  startup_stm32f407xx.o(.text)
    DMA2_Stream2_IRQHandler                  0x08000253   Thumb Code     0  startup_stm32f407xx.o(.text)
    DMA2_Stream3_IRQHandler                  0x08000253   Thumb Code     0  startup_stm32f407xx.o(.text)
    DMA2_Stream4_IRQHandler                  0x08000253   Thumb Code     0  startup_stm32f407xx.o(.text)
    DMA2_Stream5_IRQHandler                  0x08000253   Thumb Code     0  startup_stm32f407xx.o(.text)
    DMA2_Stream6_IRQHandler                  0x08000253   Thumb Code     0  startup_stm32f407xx.o(.text)
    DMA2_Stream7_IRQHandler                  0x08000253   Thumb Code     0  startup_stm32f407xx.o(.text)
    ETH_IRQHandler                           0x08000253   Thumb Code     0  startup_stm32f407xx.o(.text)
    ETH_WKUP_IRQHandler                      0x08000253   Thumb Code     0  startup_stm32f407xx.o(.text)
    EXTI0_IRQHandler                         0x08000253   Thumb Code     0  startup_stm32f407xx.o(.text)
    EXTI15_10_IRQHandler                     0x08000253   Thumb Code     0  startup_stm32f407xx.o(.text)
    EXTI1_IRQHandler                         0x08000253   Thumb Code     0  startup_stm32f407xx.o(.text)
    EXTI2_IRQHandler                         0x08000253   Thumb Code     0  startup_stm32f407xx.o(.text)
    EXTI3_IRQHandler                         0x08000253   Thumb Code     0  startup_stm32f407xx.o(.text)
    EXTI4_IRQHandler                         0x08000253   Thumb Code     0  startup_stm32f407xx.o(.text)
    EXTI9_5_IRQHandler                       0x08000253   Thumb Code     0  startup_stm32f407xx.o(.text)
    FLASH_IRQHandler                         0x08000253   Thumb Code     0  startup_stm32f407xx.o(.text)
    FMC_IRQHandler                           0x08000253   Thumb Code     0  startup_stm32f407xx.o(.text)
    FPU_IRQHandler                           0x08000253   Thumb Code     0  startup_stm32f407xx.o(.text)
    HASH_RNG_IRQHandler                      0x08000253   Thumb Code     0  startup_stm32f407xx.o(.text)
    I2C1_ER_IRQHandler                       0x08000253   Thumb Code     0  startup_stm32f407xx.o(.text)
    I2C1_EV_IRQHandler                       0x08000253   Thumb Code     0  startup_stm32f407xx.o(.text)
    I2C2_ER_IRQHandler                       0x08000253   Thumb Code     0  startup_stm32f407xx.o(.text)
    I2C2_EV_IRQHandler                       0x08000253   Thumb Code     0  startup_stm32f407xx.o(.text)
    I2C3_ER_IRQHandler                       0x08000253   Thumb Code     0  startup_stm32f407xx.o(.text)
    I2C3_EV_IRQHandler                       0x08000253   Thumb Code     0  startup_stm32f407xx.o(.text)
    OTG_FS_IRQHandler                        0x08000253   Thumb Code     0  startup_stm32f407xx.o(.text)
    OTG_FS_WKUP_IRQHandler                   0x08000253   Thumb Code     0  startup_stm32f407xx.o(.text)
    OTG_HS_EP1_IN_IRQHandler                 0x08000253   Thumb Code     0  startup_stm32f407xx.o(.text)
    OTG_HS_EP1_OUT_IRQHandler                0x08000253   Thumb Code     0  startup_stm32f407xx.o(.text)
    OTG_HS_IRQHandler                        0x08000253   Thumb Code     0  startup_stm32f407xx.o(.text)
    OTG_HS_WKUP_IRQHandler                   0x08000253   Thumb Code     0  startup_stm32f407xx.o(.text)
    PVD_IRQHandler                           0x08000253   Thumb Code     0  startup_stm32f407xx.o(.text)
    RCC_IRQHandler                           0x08000253   Thumb Code     0  startup_stm32f407xx.o(.text)
    RTC_Alarm_IRQHandler                     0x08000253   Thumb Code     0  startup_stm32f407xx.o(.text)
    RTC_WKUP_IRQHandler                      0x08000253   Thumb Code     0  startup_stm32f407xx.o(.text)
    SDIO_IRQHandler                          0x08000253   Thumb Code     0  startup_stm32f407xx.o(.text)
    SPI1_IRQHandler                          0x08000253   Thumb Code     0  startup_stm32f407xx.o(.text)
    SPI2_IRQHandler                          0x08000253   Thumb Code     0  startup_stm32f407xx.o(.text)
    SPI3_IRQHandler                          0x08000253   Thumb Code     0  startup_stm32f407xx.o(.text)
    TAMP_STAMP_IRQHandler                    0x08000253   Thumb Code     0  startup_stm32f407xx.o(.text)
    TIM1_BRK_TIM9_IRQHandler                 0x08000253   Thumb Code     0  startup_stm32f407xx.o(.text)
    TIM1_CC_IRQHandler                       0x08000253   Thumb Code     0  startup_stm32f407xx.o(.text)
    TIM1_TRG_COM_TIM11_IRQHandler            0x08000253   Thumb Code     0  startup_stm32f407xx.o(.text)
    TIM1_UP_TIM10_IRQHandler                 0x08000253   Thumb Code     0  startup_stm32f407xx.o(.text)
    TIM2_IRQHandler                          0x08000253   Thumb Code     0  startup_stm32f407xx.o(.text)
    TIM3_IRQHandler                          0x08000253   Thumb Code     0  startup_stm32f407xx.o(.text)
    TIM4_IRQHandler                          0x08000253   Thumb Code     0  startup_stm32f407xx.o(.text)
    TIM5_IRQHandler                          0x08000253   Thumb Code     0  startup_stm32f407xx.o(.text)
    TIM6_DAC_IRQHandler                      0x08000253   Thumb Code     0  startup_stm32f407xx.o(.text)
    TIM7_IRQHandler                          0x08000253   Thumb Code     0  startup_stm32f407xx.o(.text)
    TIM8_BRK_TIM12_IRQHandler                0x08000253   Thumb Code     0  startup_stm32f407xx.o(.text)
    TIM8_CC_IRQHandler                       0x08000253   Thumb Code     0  startup_stm32f407xx.o(.text)
    TIM8_TRG_COM_TIM14_IRQHandler            0x08000253   Thumb Code     0  startup_stm32f407xx.o(.text)
    TIM8_UP_TIM13_IRQHandler                 0x08000253   Thumb Code     0  startup_stm32f407xx.o(.text)
    UART4_IRQHandler                         0x08000253   Thumb Code     0  startup_stm32f407xx.o(.text)
    UART5_IRQHandler                         0x08000253   Thumb Code     0  startup_stm32f407xx.o(.text)
    USART1_IRQHandler                        0x08000253   Thumb Code     0  startup_stm32f407xx.o(.text)
    USART2_IRQHandler                        0x08000253   Thumb Code     0  startup_stm32f407xx.o(.text)
    USART3_IRQHandler                        0x08000253   Thumb Code     0  startup_stm32f407xx.o(.text)
    USART6_IRQHandler                        0x08000253   Thumb Code     0  startup_stm32f407xx.o(.text)
    WWDG_IRQHandler                          0x08000253   Thumb Code     0  startup_stm32f407xx.o(.text)
    __user_initial_stackheap                 0x08000255   Thumb Code     0  startup_stm32f407xx.o(.text)
    __aeabi_uldivmod                         0x08000279   Thumb Code     0  lludivv7m.o(.text)
    _ll_udiv                                 0x08000279   Thumb Code   238  lludivv7m.o(.text)
    __2sprintf                               0x08000369   Thumb Code    34  noretval__2sprintf.o(.text)
    _printf_pre_padding                      0x08000391   Thumb Code    44  _printf_pad.o(.text)
    _printf_post_padding                     0x080003bd   Thumb Code    34  _printf_pad.o(.text)
    _printf_int_dec                          0x080003e1   Thumb Code   104  _printf_dec.o(.text)
    _printf_int_hex                          0x08000459   Thumb Code    84  _printf_hex_int.o(.text)
    _printf_longlong_hex                     0x08000459   Thumb Code     0  _printf_hex_int.o(.text)
    __printf                                 0x080004b1   Thumb Code   308  __printf_flags_wp.o(.text)
    strlen                                   0x080005e9   Thumb Code    62  strlen.o(.text)
    __aeabi_memcpy4                          0x08000627   Thumb Code     0  rt_memcpy_w.o(.text)
    __aeabi_memcpy8                          0x08000627   Thumb Code     0  rt_memcpy_w.o(.text)
    __rt_memcpy_w                            0x08000627   Thumb Code   100  rt_memcpy_w.o(.text)
    _memcpy_lastbytes_aligned                0x0800066f   Thumb Code     0  rt_memcpy_w.o(.text)
    __aeabi_memclr4                          0x0800068b   Thumb Code     0  rt_memclr_w.o(.text)
    __aeabi_memclr8                          0x0800068b   Thumb Code     0  rt_memclr_w.o(.text)
    __rt_memclr_w                            0x0800068b   Thumb Code    78  rt_memclr_w.o(.text)
    _memset_w                                0x0800068f   Thumb Code     0  rt_memclr_w.o(.text)
    __use_two_region_memory                  0x080006d9   Thumb Code     2  heapauxi.o(.text)
    __rt_heap_escrow$2region                 0x080006db   Thumb Code     2  heapauxi.o(.text)
    __rt_heap_expand$2region                 0x080006dd   Thumb Code     2  heapauxi.o(.text)
    _printf_int_common                       0x080006df   Thumb Code   178  _printf_intcommon.o(.text)
    _printf_char_common                      0x0800079b   Thumb Code    32  _printf_char_common.o(.text)
    _sputc                                   0x080007c1   Thumb Code    10  _sputc.o(.text)
    __user_setup_stackheap                   0x080007cb   Thumb Code    74  sys_stackheap_outer.o(.text)
    exit                                     0x08000815   Thumb Code    18  exit.o(.text)
    __user_libspace                          0x08000829   Thumb Code     8  libspace.o(.text)
    __user_perproc_libspace                  0x08000829   Thumb Code     0  libspace.o(.text)
    __user_perthread_libspace                0x08000829   Thumb Code     0  libspace.o(.text)
    _sys_exit                                0x08000831   Thumb Code     8  sys_exit.o(.text)
    __I$use$semihosting                      0x0800083d   Thumb Code     0  use_no_semi.o(.text)
    __use_no_semihosting_swi                 0x0800083d   Thumb Code     2  use_no_semi.o(.text)
    BusFault_Handler                         0x0800083f   Thumb Code     2  stm32f4xx_it.o(i.BusFault_Handler)
    __semihosting_library_function           0x0800083f   Thumb Code     0  indicate_semi.o(.text)
    DebugMon_Handler                         0x08000841   Thumb Code     2  stm32f4xx_it.o(i.DebugMon_Handler)
    HAL_Delay                                0x08000845   Thumb Code    32  stm32f4xx_hal.o(i.HAL_Delay)
    HAL_GPIO_Init                            0x08000869   Thumb Code   450  stm32f4xx_hal_gpio.o(i.HAL_GPIO_Init)
    HAL_GPIO_TogglePin                       0x08000a59   Thumb Code    16  stm32f4xx_hal_gpio.o(i.HAL_GPIO_TogglePin)
    HAL_GPIO_WritePin                        0x08000a69   Thumb Code    10  stm32f4xx_hal_gpio.o(i.HAL_GPIO_WritePin)
    HAL_GetTick                              0x08000a75   Thumb Code     6  stm32f4xx_hal.o(i.HAL_GetTick)
    HAL_IncTick                              0x08000a81   Thumb Code    12  stm32f4xx_hal.o(i.HAL_IncTick)
    HAL_Init                                 0x08000a91   Thumb Code    48  stm32f4xx_hal.o(i.HAL_Init)
    HAL_InitTick                             0x08000ac5   Thumb Code    54  stm32f4xx_hal.o(i.HAL_InitTick)
    HAL_MspInit                              0x08000b05   Thumb Code    42  stm32f4xx_hal_msp.o(i.HAL_MspInit)
    HAL_NVIC_SetPriority                     0x08000b35   Thumb Code    60  stm32f4xx_hal_cortex.o(i.HAL_NVIC_SetPriority)
    HAL_NVIC_SetPriorityGrouping             0x08000b75   Thumb Code    26  stm32f4xx_hal_cortex.o(i.HAL_NVIC_SetPriorityGrouping)
    HAL_RCC_ClockConfig                      0x08000b99   Thumb Code   288  stm32f4xx_hal_rcc.o(i.HAL_RCC_ClockConfig)
    HAL_RCC_GetPCLK1Freq                     0x08000ccd   Thumb Code    20  stm32f4xx_hal_rcc.o(i.HAL_RCC_GetPCLK1Freq)
    HAL_RCC_GetPCLK2Freq                     0x08000ced   Thumb Code    20  stm32f4xx_hal_rcc.o(i.HAL_RCC_GetPCLK2Freq)
    HAL_RCC_GetSysClockFreq                  0x08000d0d   Thumb Code    88  stm32f4xx_hal_rcc.o(i.HAL_RCC_GetSysClockFreq)
    HAL_RCC_OscConfig                        0x08000d6d   Thumb Code   856  stm32f4xx_hal_rcc.o(i.HAL_RCC_OscConfig)
    HAL_SPI_Init                             0x080010d9   Thumb Code   188  stm32f4xx_hal_spi.o(i.HAL_SPI_Init)
    HAL_SPI_MspInit                          0x08001195   Thumb Code    92  stm32f4xx_hal_msp.o(i.HAL_SPI_MspInit)
    HAL_SPI_Receive                          0x080011fd   Thumb Code   346  stm32f4xx_hal_spi.o(i.HAL_SPI_Receive)
    HAL_SPI_Transmit                         0x08001357   Thumb Code   358  stm32f4xx_hal_spi.o(i.HAL_SPI_Transmit)
    HAL_SPI_TransmitReceive                  0x080014bd   Thumb Code   482  stm32f4xx_hal_spi.o(i.HAL_SPI_TransmitReceive)
    HAL_SYSTICK_Config                       0x0800169f   Thumb Code    40  stm32f4xx_hal_cortex.o(i.HAL_SYSTICK_Config)
    HAL_UART_Init                            0x080016c7   Thumb Code    98  stm32f4xx_hal_uart.o(i.HAL_UART_Init)
    HAL_UART_MspInit                         0x08001729   Thumb Code   138  stm32f4xx_hal_msp.o(i.HAL_UART_MspInit)
    HAL_UART_Transmit                        0x080017c5   Thumb Code   178  stm32f4xx_hal_uart.o(i.HAL_UART_Transmit)
    HardFault_Handler                        0x08001877   Thumb Code     2  stm32f4xx_it.o(i.HardFault_Handler)
    MemManage_Handler                        0x08001965   Thumb Code     2  stm32f4xx_it.o(i.MemManage_Handler)
    NMI_Handler                              0x08001967   Thumb Code     2  stm32f4xx_it.o(i.NMI_Handler)
    NRF24_ACTIVATE_cmd                       0x08001969   Thumb Code    40  my_nrf24.o(i.NRF24_ACTIVATE_cmd)
    NRF24_DelayMicroSeconds                  0x08001995   Thumb Code    18  my_nrf24.o(i.NRF24_DelayMicroSeconds)
    NRF24_available                          0x080019b1   Thumb Code     6  my_nrf24.o(i.NRF24_available)
    NRF24_availablePipe                      0x080019b7   Thumb Code    48  my_nrf24.o(i.NRF24_availablePipe)
    NRF24_begin                              0x080019e9   Thumb Code   388  my_nrf24.o(i.NRF24_begin)
    NRF24_ce                                 0x08001b75   Thumb Code    16  my_nrf24.o(i.NRF24_ce)
    NRF24_csn                                0x08001b89   Thumb Code    16  my_nrf24.o(i.NRF24_csn)
    NRF24_disableDynamicPayloads             0x08001b9d   Thumb Code    34  my_nrf24.o(i.NRF24_disableDynamicPayloads)
    NRF24_enableAckPayload                   0x08001bc5   Thumb Code    66  my_nrf24.o(i.NRF24_enableAckPayload)
    NRF24_enableDynamicPayloads              0x08001c09   Thumb Code    70  my_nrf24.o(i.NRF24_enableDynamicPayloads)
    NRF24_flush_rx                           0x08001c55   Thumb Code     8  my_nrf24.o(i.NRF24_flush_rx)
    NRF24_flush_tx                           0x08001c5d   Thumb Code     8  my_nrf24.o(i.NRF24_flush_tx)
    NRF24_get_status                         0x08001c65   Thumb Code     6  my_nrf24.o(i.NRF24_get_status)
    NRF24_openReadingPipe                    0x08001c6d   Thumb Code    78  my_nrf24.o(i.NRF24_openReadingPipe)
    NRF24_powerDown                          0x08001cc5   Thumb Code    22  my_nrf24.o(i.NRF24_powerDown)
    NRF24_read                               0x08001cdb   Thumb Code    36  my_nrf24.o(i.NRF24_read)
    NRF24_read_payload                       0x08001d01   Thumb Code    58  my_nrf24.o(i.NRF24_read_payload)
    NRF24_read_register                      0x08001d45   Thumb Code    58  my_nrf24.o(i.NRF24_read_register)
    NRF24_read_registerN                     0x08001d85   Thumb Code    54  my_nrf24.o(i.NRF24_read_registerN)
    NRF24_resetStatus                        0x08001dc1   Thumb Code     8  my_nrf24.o(i.NRF24_resetStatus)
    NRF24_setAutoAck                         0x08001dc9   Thumb Code    14  my_nrf24.o(i.NRF24_setAutoAck)
    NRF24_setCRCLength                       0x08001dd7   Thumb Code    40  my_nrf24.o(i.NRF24_setCRCLength)
    NRF24_setChannel                         0x08001dff   Thumb Code    14  my_nrf24.o(i.NRF24_setChannel)
    NRF24_setDataRate                        0x08001e0d   Thumb Code    86  my_nrf24.o(i.NRF24_setDataRate)
    NRF24_setPALevel                         0x08001e69   Thumb Code    60  my_nrf24.o(i.NRF24_setPALevel)
    NRF24_setPayloadSize                     0x08001ea5   Thumb Code    12  my_nrf24.o(i.NRF24_setPayloadSize)
    NRF24_setRetries                         0x08001eb5   Thumb Code    14  my_nrf24.o(i.NRF24_setRetries)
    NRF24_startListening                     0x08001ec5   Thumb Code    64  my_nrf24.o(i.NRF24_startListening)
    NRF24_writeAckPayload                    0x08001f09   Thumb Code    46  my_nrf24.o(i.NRF24_writeAckPayload)
    NRF24_write_register                     0x08001f39   Thumb Code    44  my_nrf24.o(i.NRF24_write_register)
    NRF24_write_registerN                    0x08001f69   Thumb Code    54  my_nrf24.o(i.NRF24_write_registerN)
    PendSV_Handler                           0x08001fa5   Thumb Code     2  stm32f4xx_it.o(i.PendSV_Handler)
    SVC_Handler                              0x08002115   Thumb Code     2  stm32f4xx_it.o(i.SVC_Handler)
    SysTick_Handler                          0x08002117   Thumb Code     4  stm32f4xx_it.o(i.SysTick_Handler)
    SystemClock_Config                       0x0800211d   Thumb Code   140  main.o(i.SystemClock_Config)
    SystemInit                               0x080021b1   Thumb Code    12  system_stm32f4xx.o(i.SystemInit)
    UsageFault_Handler                       0x08002345   Thumb Code     2  stm32f4xx_it.o(i.UsageFault_Handler)
    _is_digit                                0x08002367   Thumb Code    14  __printf_wp.o(i._is_digit)
    main                                     0x08002375   Thumb Code   400  main.o(i.main)
    nrf24_DebugUART_Init                     0x0800251d   Thumb Code    20  my_nrf24.o(i.nrf24_DebugUART_Init)
    printRadioSettings                       0x08002535   Thumb Code  1890  my_nrf24.o(i.printRadioSettings)
    _fp_init                                 0x08002d05   Thumb Code    10  fpinit.o(x$fpl$fpinit)
    __fplib_config_fpu_vfp                   0x08002d0d   Thumb Code     0  fpinit.o(x$fpl$fpinit)
    __fplib_config_pureend_doubles           0x08002d0d   Thumb Code     0  fpinit.o(x$fpl$fpinit)
    AHBPrescTable                            0x08002d1b   Data          16  system_stm32f4xx.o(.constdata)
    APBPrescTable                            0x08002d2b   Data           8  system_stm32f4xx.o(.constdata)
    Region$$Table$$Base                      0x08002e48   Number         0  anon$$obj.o(Region$$Table)
    Region$$Table$$Limit                     0x08002e68   Number         0  anon$$obj.o(Region$$Table)
    RxpipeAddrs                              0x20000018   Data           8  main.o(.data)
    myAckPayload                             0x20000020   Data          32  main.o(.data)
    uwTickFreq                               0x20000040   Data           1  stm32f4xx_hal.o(.data)
    uwTickPrio                               0x20000044   Data           4  stm32f4xx_hal.o(.data)
    uwTick                                   0x20000048   Data           4  stm32f4xx_hal.o(.data)
    SystemCoreClock                          0x2000004c   Data           4  system_stm32f4xx.o(.data)
    hspi1                                    0x200000ec   Data          88  main.o(.bss)
    huart1                                   0x20000144   Data          68  main.o(.bss)
    huart2                                   0x20000188   Data          68  main.o(.bss)
    myRxData                                 0x200001cc   Data          50  main.o(.bss)
    __libspace_start                         0x20000200   Data          96  libspace.o(.bss)
    __temporary_stack_top$libspace           0x20000260   Data           0  libspace.o(.bss)



==============================================================================

Memory Map of the image

  Image Entry point : 0x08000189

  Load Region LR_IROM1 (Base: 0x08000000, Size: 0x00002eb8, Max: 0x00100000, ABSOLUTE)

    Execution Region ER_IROM1 (Exec base: 0x08000000, Load base: 0x08000000, Size: 0x00002e68, Max: 0x00100000, ABSOLUTE)

    Exec Addr    Load Addr    Size         Type   Attr      Idx    E Section Name        Object

    0x08000000   0x08000000   0x00000188   Data   RO            3    RESET               startup_stm32f407xx.o
    0x08000188   0x08000188   0x00000008   Code   RO         2584  * !!!main             c_w.l(__main.o)
    0x08000190   0x08000190   0x00000034   Code   RO         2762    !!!scatter          c_w.l(__scatter.o)
    0x080001c4   0x080001c4   0x0000001a   Code   RO         2764    !!handler_copy      c_w.l(__scatter_copy.o)
    0x080001de   0x080001de   0x00000002   PAD
    0x080001e0   0x080001e0   0x0000001c   Code   RO         2766    !!handler_zi        c_w.l(__scatter_zi.o)
    0x080001fc   0x080001fc   0x00000000   Code   RO         2575    .ARM.Collect$$_printf_percent$$00000000  c_w.l(_printf_percent.o)
    0x080001fc   0x080001fc   0x00000006   Code   RO         2574    .ARM.Collect$$_printf_percent$$00000009  c_w.l(_printf_d.o)
    0x08000202   0x08000202   0x00000006   Code   RO         2573    .ARM.Collect$$_printf_percent$$0000000C  c_w.l(_printf_x.o)
    0x08000208   0x08000208   0x00000004   Code   RO         2597    .ARM.Collect$$_printf_percent$$00000017  c_w.l(_printf_percent_end.o)
    0x0800020c   0x0800020c   0x00000002   Code   RO         2630    .ARM.Collect$$libinit$$00000000  c_w.l(libinit.o)
    0x0800020e   0x0800020e   0x00000004   Code   RO         2642    .ARM.Collect$$libinit$$00000001  c_w.l(libinit2.o)
    0x08000212   0x08000212   0x00000000   Code   RO         2645    .ARM.Collect$$libinit$$00000004  c_w.l(libinit2.o)
    0x08000212   0x08000212   0x00000000   Code   RO         2648    .ARM.Collect$$libinit$$0000000A  c_w.l(libinit2.o)
    0x08000212   0x08000212   0x00000000   Code   RO         2650    .ARM.Collect$$libinit$$0000000C  c_w.l(libinit2.o)
    0x08000212   0x08000212   0x00000000   Code   RO         2652    .ARM.Collect$$libinit$$0000000E  c_w.l(libinit2.o)
    0x08000212   0x08000212   0x00000000   Code   RO         2655    .ARM.Collect$$libinit$$00000011  c_w.l(libinit2.o)
    0x08000212   0x08000212   0x00000000   Code   RO         2657    .ARM.Collect$$libinit$$00000013  c_w.l(libinit2.o)
    0x08000212   0x08000212   0x00000000   Code   RO         2659    .ARM.Collect$$libinit$$00000015  c_w.l(libinit2.o)
    0x08000212   0x08000212   0x00000000   Code   RO         2661    .ARM.Collect$$libinit$$00000017  c_w.l(libinit2.o)
    0x08000212   0x08000212   0x00000000   Code   RO         2663    .ARM.Collect$$libinit$$00000019  c_w.l(libinit2.o)
    0x08000212   0x08000212   0x00000000   Code   RO         2665    .ARM.Collect$$libinit$$0000001B  c_w.l(libinit2.o)
    0x08000212   0x08000212   0x00000000   Code   RO         2667    .ARM.Collect$$libinit$$0000001D  c_w.l(libinit2.o)
    0x08000212   0x08000212   0x00000000   Code   RO         2669    .ARM.Collect$$libinit$$0000001F  c_w.l(libinit2.o)
    0x08000212   0x08000212   0x00000000   Code   RO         2671    .ARM.Collect$$libinit$$00000021  c_w.l(libinit2.o)
    0x08000212   0x08000212   0x00000000   Code   RO         2673    .ARM.Collect$$libinit$$00000023  c_w.l(libinit2.o)
    0x08000212   0x08000212   0x00000000   Code   RO         2675    .ARM.Collect$$libinit$$00000025  c_w.l(libinit2.o)
    0x08000212   0x08000212   0x00000000   Code   RO         2679    .ARM.Collect$$libinit$$0000002C  c_w.l(libinit2.o)
    0x08000212   0x08000212   0x00000000   Code   RO         2681    .ARM.Collect$$libinit$$0000002E  c_w.l(libinit2.o)
    0x08000212   0x08000212   0x00000000   Code   RO         2683    .ARM.Collect$$libinit$$00000030  c_w.l(libinit2.o)
    0x08000212   0x08000212   0x00000000   Code   RO         2685    .ARM.Collect$$libinit$$00000032  c_w.l(libinit2.o)
    0x08000212   0x08000212   0x00000002   Code   RO         2686    .ARM.Collect$$libinit$$00000033  c_w.l(libinit2.o)
    0x08000214   0x08000214   0x00000002   Code   RO         2717    .ARM.Collect$$libshutdown$$00000000  c_w.l(libshutdown.o)
    0x08000216   0x08000216   0x00000000   Code   RO         2743    .ARM.Collect$$libshutdown$$00000002  c_w.l(libshutdown2.o)
    0x08000216   0x08000216   0x00000000   Code   RO         2745    .ARM.Collect$$libshutdown$$00000004  c_w.l(libshutdown2.o)
    0x08000216   0x08000216   0x00000000   Code   RO         2747    .ARM.Collect$$libshutdown$$00000006  c_w.l(libshutdown2.o)
    0x08000216   0x08000216   0x00000000   Code   RO         2750    .ARM.Collect$$libshutdown$$00000009  c_w.l(libshutdown2.o)
    0x08000216   0x08000216   0x00000000   Code   RO         2753    .ARM.Collect$$libshutdown$$0000000C  c_w.l(libshutdown2.o)
    0x08000216   0x08000216   0x00000000   Code   RO         2755    .ARM.Collect$$libshutdown$$0000000E  c_w.l(libshutdown2.o)
    0x08000216   0x08000216   0x00000000   Code   RO         2758    .ARM.Collect$$libshutdown$$00000011  c_w.l(libshutdown2.o)
    0x08000216   0x08000216   0x00000002   Code   RO         2759    .ARM.Collect$$libshutdown$$00000012  c_w.l(libshutdown2.o)
    0x08000218   0x08000218   0x00000000   Code   RO         2586    .ARM.Collect$$rtentry$$00000000  c_w.l(__rtentry.o)
    0x08000218   0x08000218   0x00000000   Code   RO         2599    .ARM.Collect$$rtentry$$00000002  c_w.l(__rtentry2.o)
    0x08000218   0x08000218   0x00000006   Code   RO         2611    .ARM.Collect$$rtentry$$00000004  c_w.l(__rtentry4.o)
    0x0800021e   0x0800021e   0x00000000   Code   RO         2601    .ARM.Collect$$rtentry$$00000009  c_w.l(__rtentry2.o)
    0x0800021e   0x0800021e   0x00000004   Code   RO         2602    .ARM.Collect$$rtentry$$0000000A  c_w.l(__rtentry2.o)
    0x08000222   0x08000222   0x00000000   Code   RO         2604    .ARM.Collect$$rtentry$$0000000C  c_w.l(__rtentry2.o)
    0x08000222   0x08000222   0x00000008   Code   RO         2605    .ARM.Collect$$rtentry$$0000000D  c_w.l(__rtentry2.o)
    0x0800022a   0x0800022a   0x00000002   Code   RO         2634    .ARM.Collect$$rtexit$$00000000  c_w.l(rtexit.o)
    0x0800022c   0x0800022c   0x00000000   Code   RO         2690    .ARM.Collect$$rtexit$$00000002  c_w.l(rtexit2.o)
    0x0800022c   0x0800022c   0x00000004   Code   RO         2691    .ARM.Collect$$rtexit$$00000003  c_w.l(rtexit2.o)
    0x08000230   0x08000230   0x00000006   Code   RO         2692    .ARM.Collect$$rtexit$$00000004  c_w.l(rtexit2.o)
    0x08000236   0x08000236   0x00000002   PAD
    0x08000238   0x08000238   0x00000040   Code   RO            4    .text               startup_stm32f407xx.o
    0x08000278   0x08000278   0x000000ee   Code   RO         2520    .text               c_w.l(lludivv7m.o)
    0x08000366   0x08000366   0x00000002   PAD
    0x08000368   0x08000368   0x00000028   Code   RO         2524    .text               c_w.l(noretval__2sprintf.o)
    0x08000390   0x08000390   0x0000004e   Code   RO         2528    .text               c_w.l(_printf_pad.o)
    0x080003de   0x080003de   0x00000002   PAD
    0x080003e0   0x080003e0   0x00000078   Code   RO         2530    .text               c_w.l(_printf_dec.o)
    0x08000458   0x08000458   0x00000058   Code   RO         2535    .text               c_w.l(_printf_hex_int.o)
    0x080004b0   0x080004b0   0x00000138   Code   RO         2565    .text               c_w.l(__printf_flags_wp.o)
    0x080005e8   0x080005e8   0x0000003e   Code   RO         2576    .text               c_w.l(strlen.o)
    0x08000626   0x08000626   0x00000064   Code   RO         2578    .text               c_w.l(rt_memcpy_w.o)
    0x0800068a   0x0800068a   0x0000004e   Code   RO         2580    .text               c_w.l(rt_memclr_w.o)
    0x080006d8   0x080006d8   0x00000006   Code   RO         2582    .text               c_w.l(heapauxi.o)
    0x080006de   0x080006de   0x000000b2   Code   RO         2591    .text               c_w.l(_printf_intcommon.o)
    0x08000790   0x08000790   0x00000030   Code   RO         2593    .text               c_w.l(_printf_char_common.o)
    0x080007c0   0x080007c0   0x0000000a   Code   RO         2595    .text               c_w.l(_sputc.o)
    0x080007ca   0x080007ca   0x0000004a   Code   RO         2617    .text               c_w.l(sys_stackheap_outer.o)
    0x08000814   0x08000814   0x00000012   Code   RO         2619    .text               c_w.l(exit.o)
    0x08000826   0x08000826   0x00000002   PAD
    0x08000828   0x08000828   0x00000008   Code   RO         2631    .text               c_w.l(libspace.o)
    0x08000830   0x08000830   0x0000000c   Code   RO         2687    .text               c_w.l(sys_exit.o)
    0x0800083c   0x0800083c   0x00000002   Code   RO         2706    .text               c_w.l(use_no_semi.o)
    0x0800083e   0x0800083e   0x00000000   Code   RO         2708    .text               c_w.l(indicate_semi.o)
    0x0800083e   0x0800083e   0x00000002   Code   RO          513    i.BusFault_Handler  stm32f4xx_it.o
    0x08000840   0x08000840   0x00000002   Code   RO          514    i.DebugMon_Handler  stm32f4xx_it.o
    0x08000842   0x08000842   0x00000002   PAD
    0x08000844   0x08000844   0x00000024   Code   RO         1839    i.HAL_Delay         stm32f4xx_hal.o
    0x08000868   0x08000868   0x000001f0   Code   RO         1313    i.HAL_GPIO_Init     stm32f4xx_hal_gpio.o
    0x08000a58   0x08000a58   0x00000010   Code   RO         1316    i.HAL_GPIO_TogglePin  stm32f4xx_hal_gpio.o
    0x08000a68   0x08000a68   0x0000000a   Code   RO         1317    i.HAL_GPIO_WritePin  stm32f4xx_hal_gpio.o
    0x08000a72   0x08000a72   0x00000002   PAD
    0x08000a74   0x08000a74   0x0000000c   Code   RO         1845    i.HAL_GetTick       stm32f4xx_hal.o
    0x08000a80   0x08000a80   0x00000010   Code   RO         1851    i.HAL_IncTick       stm32f4xx_hal.o
    0x08000a90   0x08000a90   0x00000034   Code   RO         1852    i.HAL_Init          stm32f4xx_hal.o
    0x08000ac4   0x08000ac4   0x00000040   Code   RO         1853    i.HAL_InitTick      stm32f4xx_hal.o
    0x08000b04   0x08000b04   0x00000030   Code   RO          588    i.HAL_MspInit       stm32f4xx_hal_msp.o
    0x08000b34   0x08000b34   0x00000040   Code   RO         1708    i.HAL_NVIC_SetPriority  stm32f4xx_hal_cortex.o
    0x08000b74   0x08000b74   0x00000024   Code   RO         1709    i.HAL_NVIC_SetPriorityGrouping  stm32f4xx_hal_cortex.o
    0x08000b98   0x08000b98   0x00000134   Code   RO          959    i.HAL_RCC_ClockConfig  stm32f4xx_hal_rcc.o
    0x08000ccc   0x08000ccc   0x00000020   Code   RO          966    i.HAL_RCC_GetPCLK1Freq  stm32f4xx_hal_rcc.o
    0x08000cec   0x08000cec   0x00000020   Code   RO          967    i.HAL_RCC_GetPCLK2Freq  stm32f4xx_hal_rcc.o
    0x08000d0c   0x08000d0c   0x00000060   Code   RO          968    i.HAL_RCC_GetSysClockFreq  stm32f4xx_hal_rcc.o
    0x08000d6c   0x08000d6c   0x0000036c   Code   RO          971    i.HAL_RCC_OscConfig  stm32f4xx_hal_rcc.o
    0x080010d8   0x080010d8   0x000000bc   Code   RO          647    i.HAL_SPI_Init      stm32f4xx_hal_spi.o
    0x08001194   0x08001194   0x00000068   Code   RO          590    i.HAL_SPI_MspInit   stm32f4xx_hal_msp.o
    0x080011fc   0x080011fc   0x0000015a   Code   RO          650    i.HAL_SPI_Receive   stm32f4xx_hal_spi.o
    0x08001356   0x08001356   0x00000166   Code   RO          655    i.HAL_SPI_Transmit  stm32f4xx_hal_spi.o
    0x080014bc   0x080014bc   0x000001e2   Code   RO          656    i.HAL_SPI_TransmitReceive  stm32f4xx_hal_spi.o
    0x0800169e   0x0800169e   0x00000028   Code   RO         1713    i.HAL_SYSTICK_Config  stm32f4xx_hal_cortex.o
    0x080016c6   0x080016c6   0x00000062   Code   RO         2155    i.HAL_UART_Init     stm32f4xx_hal_uart.o
    0x08001728   0x08001728   0x0000009c   Code   RO          592    i.HAL_UART_MspInit  stm32f4xx_hal_msp.o
    0x080017c4   0x080017c4   0x000000b2   Code   RO         2163    i.HAL_UART_Transmit  stm32f4xx_hal_uart.o
    0x08001876   0x08001876   0x00000002   Code   RO          515    i.HardFault_Handler  stm32f4xx_it.o
    0x08001878   0x08001878   0x000000a8   Code   RO          455    i.MX_GPIO_Init      main.o
    0x08001920   0x08001920   0x00000044   Code   RO          456    i.MX_SPI1_Init      main.o
    0x08001964   0x08001964   0x00000002   Code   RO          516    i.MemManage_Handler  stm32f4xx_it.o
    0x08001966   0x08001966   0x00000002   Code   RO          517    i.NMI_Handler       stm32f4xx_it.o
    0x08001968   0x08001968   0x0000002c   Code   RO           13    i.NRF24_ACTIVATE_cmd  my_nrf24.o
    0x08001994   0x08001994   0x0000001c   Code   RO           14    i.NRF24_DelayMicroSeconds  my_nrf24.o
    0x080019b0   0x080019b0   0x00000006   Code   RO           16    i.NRF24_available   my_nrf24.o
    0x080019b6   0x080019b6   0x00000030   Code   RO           17    i.NRF24_availablePipe  my_nrf24.o
    0x080019e6   0x080019e6   0x00000002   PAD
    0x080019e8   0x080019e8   0x0000018c   Code   RO           18    i.NRF24_begin       my_nrf24.o
    0x08001b74   0x08001b74   0x00000014   Code   RO           19    i.NRF24_ce          my_nrf24.o
    0x08001b88   0x08001b88   0x00000014   Code   RO           20    i.NRF24_csn         my_nrf24.o
    0x08001b9c   0x08001b9c   0x00000028   Code   RO           22    i.NRF24_disableDynamicPayloads  my_nrf24.o
    0x08001bc4   0x08001bc4   0x00000042   Code   RO           23    i.NRF24_enableAckPayload  my_nrf24.o
    0x08001c06   0x08001c06   0x00000002   PAD
    0x08001c08   0x08001c08   0x0000004c   Code   RO           24    i.NRF24_enableDynamicPayloads  my_nrf24.o
    0x08001c54   0x08001c54   0x00000008   Code   RO           25    i.NRF24_flush_rx    my_nrf24.o
    0x08001c5c   0x08001c5c   0x00000008   Code   RO           26    i.NRF24_flush_tx    my_nrf24.o
    0x08001c64   0x08001c64   0x00000006   Code   RO           32    i.NRF24_get_status  my_nrf24.o
    0x08001c6a   0x08001c6a   0x00000002   PAD
    0x08001c6c   0x08001c6c   0x00000058   Code   RO           35    i.NRF24_openReadingPipe  my_nrf24.o
    0x08001cc4   0x08001cc4   0x00000016   Code   RO           37    i.NRF24_powerDown   my_nrf24.o
    0x08001cda   0x08001cda   0x00000024   Code   RO           39    i.NRF24_read        my_nrf24.o
    0x08001cfe   0x08001cfe   0x00000002   PAD
    0x08001d00   0x08001d00   0x00000044   Code   RO           40    i.NRF24_read_payload  my_nrf24.o
    0x08001d44   0x08001d44   0x00000040   Code   RO           41    i.NRF24_read_register  my_nrf24.o
    0x08001d84   0x08001d84   0x0000003c   Code   RO           42    i.NRF24_read_registerN  my_nrf24.o
    0x08001dc0   0x08001dc0   0x00000008   Code   RO           43    i.NRF24_resetStatus  my_nrf24.o
    0x08001dc8   0x08001dc8   0x0000000e   Code   RO           44    i.NRF24_setAutoAck  my_nrf24.o
    0x08001dd6   0x08001dd6   0x00000028   Code   RO           46    i.NRF24_setCRCLength  my_nrf24.o
    0x08001dfe   0x08001dfe   0x0000000e   Code   RO           47    i.NRF24_setChannel  my_nrf24.o
    0x08001e0c   0x08001e0c   0x0000005c   Code   RO           48    i.NRF24_setDataRate  my_nrf24.o
    0x08001e68   0x08001e68   0x0000003c   Code   RO           49    i.NRF24_setPALevel  my_nrf24.o
    0x08001ea4   0x08001ea4   0x00000010   Code   RO           50    i.NRF24_setPayloadSize  my_nrf24.o
    0x08001eb4   0x08001eb4   0x0000000e   Code   RO           51    i.NRF24_setRetries  my_nrf24.o
    0x08001ec2   0x08001ec2   0x00000002   PAD
    0x08001ec4   0x08001ec4   0x00000044   Code   RO           52    i.NRF24_startListening  my_nrf24.o
    0x08001f08   0x08001f08   0x0000002e   Code   RO           59    i.NRF24_writeAckPayload  my_nrf24.o
    0x08001f36   0x08001f36   0x00000002   PAD
    0x08001f38   0x08001f38   0x00000030   Code   RO           61    i.NRF24_write_register  my_nrf24.o
    0x08001f68   0x08001f68   0x0000003c   Code   RO           62    i.NRF24_write_registerN  my_nrf24.o
    0x08001fa4   0x08001fa4   0x00000002   Code   RO          518    i.PendSV_Handler    stm32f4xx_it.o
    0x08001fa6   0x08001fa6   0x0000005c   Code   RO          684    i.SPI_EndRxTransaction  stm32f4xx_hal_spi.o
    0x08002002   0x08002002   0x00000002   PAD
    0x08002004   0x08002004   0x00000058   Code   RO          685    i.SPI_EndRxTxTransaction  stm32f4xx_hal_spi.o
    0x0800205c   0x0800205c   0x000000b8   Code   RO          690    i.SPI_WaitFlagStateUntilTimeout  stm32f4xx_hal_spi.o
    0x08002114   0x08002114   0x00000002   Code   RO          519    i.SVC_Handler       stm32f4xx_it.o
    0x08002116   0x08002116   0x00000004   Code   RO          520    i.SysTick_Handler   stm32f4xx_it.o
    0x0800211a   0x0800211a   0x00000002   PAD
    0x0800211c   0x0800211c   0x00000094   Code   RO          457    i.SystemClock_Config  main.o
    0x080021b0   0x080021b0   0x00000010   Code   RO         2484    i.SystemInit        system_stm32f4xx.o
    0x080021c0   0x080021c0   0x0000010c   Code   RO         2181    i.UART_SetConfig    stm32f4xx_hal_uart.o
    0x080022cc   0x080022cc   0x00000078   Code   RO         2184    i.UART_WaitOnFlagUntilTimeout  stm32f4xx_hal_uart.o
    0x08002344   0x08002344   0x00000002   Code   RO          521    i.UsageFault_Handler  stm32f4xx_it.o
    0x08002346   0x08002346   0x00000020   Code   RO         1715    i.__NVIC_SetPriority  stm32f4xx_hal_cortex.o
    0x08002366   0x08002366   0x0000000e   Code   RO         2563    i._is_digit         c_w.l(__printf_wp.o)
    0x08002374   0x08002374   0x000001a8   Code   RO          458    i.main              main.o
    0x0800251c   0x0800251c   0x00000018   Code   RO           63    i.nrf24_DebugUART_Init  my_nrf24.o
    0x08002534   0x08002534   0x000007d0   Code   RO           66    i.printRadioSettings  my_nrf24.o
    0x08002d04   0x08002d04   0x0000000a   Code   RO         2702    x$fpl$fpinit        fz_wm.l(fpinit.o)
    0x08002d0e   0x08002d0e   0x0000000d   Data   RO           69    .constdata          my_nrf24.o
    0x08002d1b   0x08002d1b   0x00000010   Data   RO         2485    .constdata          system_stm32f4xx.o
    0x08002d2b   0x08002d2b   0x00000008   Data   RO         2486    .constdata          system_stm32f4xx.o
    0x08002d33   0x08002d33   0x00000028   Data   RO         2536    .constdata          c_w.l(_printf_hex_int.o)
    0x08002d5b   0x08002d5b   0x00000011   Data   RO         2566    .constdata          c_w.l(__printf_flags_wp.o)
    0x08002d6c   0x08002d6c   0x000000da   Data   RO           70    .conststring        my_nrf24.o
    0x08002e46   0x08002e46   0x00000002   PAD
    0x08002e48   0x08002e48   0x00000020   Data   RO         2760    Region$$Table       anon$$obj.o


    Execution Region RW_IRAM1 (Exec base: 0x20000000, Load base: 0x08002e68, Size: 0x00000860, Max: 0x0001c000, ABSOLUTE)

    Exec Addr    Load Addr    Size         Type   Attr      Idx    E Section Name        Object

    0x20000000   0x08002e68   0x00000018   Data   RW           71    .data               my_nrf24.o
    0x20000018   0x08002e80   0x00000028   Data   RW          460    .data               main.o
    0x20000040   0x08002ea8   0x0000000c   Data   RW         1859    .data               stm32f4xx_hal.o
    0x2000004c   0x08002eb4   0x00000004   Data   RW         2487    .data               system_stm32f4xx.o
    0x20000050        -       0x0000009c   Zero   RW           68    .bss                my_nrf24.o
    0x200000ec        -       0x00000112   Zero   RW          459    .bss                main.o
    0x200001fe   0x08002eb8   0x00000002   PAD
    0x20000200        -       0x00000060   Zero   RW         2632    .bss                c_w.l(libspace.o)
    0x20000260        -       0x00000200   Zero   RW            2    HEAP                startup_stm32f407xx.o
    0x20000460        -       0x00000400   Zero   RW            1    STACK               startup_stm32f407xx.o


    Execution Region RW_IRAM2 (Exec base: 0x2001c000, Load base: 0x08002eb8, Size: 0x00000000, Max: 0x00004000, ABSOLUTE)

    **** No section assigned to this execution region ****


==============================================================================

Image component sizes


      Code (inc. data)   RO Data    RW Data    ZI Data      Debug   Object Name

       808         56          0         40        274       3472   main.o
      3608       1000        231         24        156     683976   my_nrf24.o
        64         26        392          0       1536        836   startup_stm32f407xx.o
       180         28          0         12          0       9345   stm32f4xx_hal.o
       172         14          0          0          0      33218   stm32f4xx_hal_cortex.o
       522         46          0          0          0       2805   stm32f4xx_hal_gpio.o
       308         36          0          0          0       2391   stm32f4xx_hal_msp.o
      1344         72          0          0          0       5192   stm32f4xx_hal_rcc.o
      1738         12          0          0          0       8418   stm32f4xx_hal_spi.o
       664         10          0          0          0       4136   stm32f4xx_hal_uart.o
        20          0          0          0          0       4094   stm32f4xx_it.o
        16          4         24          4          0       1103   system_stm32f4xx.o

    ----------------------------------------------------------------------
      9464       1304        681         80       1968     758986   Object Totals
         0          0         32          0          0          0   (incl. Generated)
        20          0          2          0          2          0   (incl. Padding)

    ----------------------------------------------------------------------

      Code (inc. data)   RO Data    RW Data    ZI Data      Debug   Library Member Name

         8          0          0          0          0         68   __main.o
       312          4         17          0          0         92   __printf_flags_wp.o
        14          0          0          0          0         68   __printf_wp.o
         0          0          0          0          0          0   __rtentry.o
        12          0          0          0          0          0   __rtentry2.o
         6          0          0          0          0          0   __rtentry4.o
        52          8          0          0          0          0   __scatter.o
        26          0          0          0          0          0   __scatter_copy.o
        28          0          0          0          0          0   __scatter_zi.o
        48          6          0          0          0         96   _printf_char_common.o
         6          0          0          0          0          0   _printf_d.o
       120         16          0          0          0         92   _printf_dec.o
        88          4         40          0          0         88   _printf_hex_int.o
       178          0          0          0          0         88   _printf_intcommon.o
        78          0          0          0          0        108   _printf_pad.o
         0          0          0          0          0          0   _printf_percent.o
         4          0          0          0          0          0   _printf_percent_end.o
         6          0          0          0          0          0   _printf_x.o
        10          0          0          0          0         68   _sputc.o
        18          0          0          0          0         80   exit.o
         6          0          0          0          0        152   heapauxi.o
         0          0          0          0          0          0   indicate_semi.o
         2          0          0          0          0          0   libinit.o
         6          0          0          0          0          0   libinit2.o
         2          0          0          0          0          0   libshutdown.o
         2          0          0          0          0          0   libshutdown2.o
         8          4          0          0         96         68   libspace.o
       238          0          0          0          0        100   lludivv7m.o
        40          6          0          0          0         84   noretval__2sprintf.o
        78          0          0          0          0         80   rt_memclr_w.o
       100          0          0          0          0         80   rt_memcpy_w.o
         2          0          0          0          0          0   rtexit.o
        10          0          0          0          0          0   rtexit2.o
        62          0          0          0          0         76   strlen.o
        12          4          0          0          0         68   sys_exit.o
        74          0          0          0          0         80   sys_stackheap_outer.o
         2          0          0          0          0         68   use_no_semi.o
        10          0          0          0          0        116   fpinit.o

    ----------------------------------------------------------------------
      1678         52         57          0         96       1820   Library Totals
        10          0          0          0          0          0   (incl. Padding)

    ----------------------------------------------------------------------

      Code (inc. data)   RO Data    RW Data    ZI Data      Debug   Library Name

      1658         52         57          0         96       1704   c_w.l
        10          0          0          0          0        116   fz_wm.l

    ----------------------------------------------------------------------
      1678         52         57          0         96       1820   Library Totals

    ----------------------------------------------------------------------

==============================================================================


      Code (inc. data)   RO Data    RW Data    ZI Data      Debug   

     11142       1356        738         80       2064     752874   Grand Totals
     11142       1356        738         80       2064     752874   ELF Image Totals
     11142       1356        738         80          0          0   ROM Totals

==============================================================================

    Total RO  Size (Code + RO Data)                11880 (  11.60kB)
    Total RW  Size (RW Data + ZI Data)              2144 (   2.09kB)
    Total ROM Size (Code + RO Data + RW Data)      11960 (  11.68kB)

==============================================================================

